Archive member included to satisfy reference by file (symbol)

/Applications/arm-gnu-toolchain-14.3.Rel1-darwin-arm64-arm-none-eabi/bin/../lib/gcc/arm-none-eabi/14.3.1/../../../../arm-none-eabi/lib/thumb/v8-m.main+fp/softfp/libm.a(libm_a-wf_sqrt.o)
                              CMakeFiles/uart-driver.dir/Users/yingyedeng/pico/pico-sdk/src/rp2_common/pico_float/float_math.c.o (sqrtf)
/Applications/arm-gnu-toolchain-14.3.Rel1-darwin-arm64-arm-none-eabi/bin/../lib/gcc/arm-none-eabi/14.3.1/../../../../arm-none-eabi/lib/thumb/v8-m.main+fp/softfp/libm.a(libm_a-ef_sqrt.o)
                              /Applications/arm-gnu-toolchain-14.3.Rel1-darwin-arm64-arm-none-eabi/bin/../lib/gcc/arm-none-eabi/14.3.1/../../../../arm-none-eabi/lib/thumb/v8-m.main+fp/softfp/libm.a(libm_a-wf_sqrt.o) (__ieee754_sqrtf)
/Applications/arm-gnu-toolchain-14.3.Rel1-darwin-arm64-arm-none-eabi/bin/../lib/gcc/arm-none-eabi/14.3.1/thumb/v8-m.main+fp/softfp/libgcc.a(_arm_addsubdf3.o)
                              CMakeFiles/uart-driver.dir/Users/yingyedeng/pico/pico-sdk/src/rp2_common/pico_float/float_math.c.o (__aeabi_f2d)
/Applications/arm-gnu-toolchain-14.3.Rel1-darwin-arm64-arm-none-eabi/bin/../lib/gcc/arm-none-eabi/14.3.1/thumb/v8-m.main+fp/softfp/libgcc.a(_aeabi_ldivmod.o)
                              CMakeFiles/uart-driver.dir/Users/yingyedeng/pico/pico-sdk/src/common/pico_time/time.c.o (__aeabi_ldivmod)
/Applications/arm-gnu-toolchain-14.3.Rel1-darwin-arm64-arm-none-eabi/bin/../lib/gcc/arm-none-eabi/14.3.1/thumb/v8-m.main+fp/softfp/libgcc.a(_aeabi_uldivmod.o)
                              CMakeFiles/uart-driver.dir/Users/yingyedeng/pico/pico-sdk/src/rp2_common/hardware_clocks/clocks.c.o (__aeabi_uldivmod)
/Applications/arm-gnu-toolchain-14.3.Rel1-darwin-arm64-arm-none-eabi/bin/../lib/gcc/arm-none-eabi/14.3.1/thumb/v8-m.main+fp/softfp/libgcc.a(_udivmoddi4.o)
                              /Applications/arm-gnu-toolchain-14.3.Rel1-darwin-arm64-arm-none-eabi/bin/../lib/gcc/arm-none-eabi/14.3.1/thumb/v8-m.main+fp/softfp/libgcc.a(_aeabi_ldivmod.o) (__udivmoddi4)
/Applications/arm-gnu-toolchain-14.3.Rel1-darwin-arm64-arm-none-eabi/bin/../lib/gcc/arm-none-eabi/14.3.1/thumb/v8-m.main+fp/softfp/libgcc.a(_dvmd_tls.o)
                              /Applications/arm-gnu-toolchain-14.3.Rel1-darwin-arm64-arm-none-eabi/bin/../lib/gcc/arm-none-eabi/14.3.1/thumb/v8-m.main+fp/softfp/libgcc.a(_aeabi_ldivmod.o) (__aeabi_ldiv0)
/Applications/arm-gnu-toolchain-14.3.Rel1-darwin-arm64-arm-none-eabi/bin/../lib/gcc/arm-none-eabi/14.3.1/../../../../arm-none-eabi/lib/thumb/v8-m.main+fp/softfp/libg.a(libc_a-calloc.o)
                              CMakeFiles/uart-driver.dir/Users/yingyedeng/pico/pico-sdk/src/rp2_common/pico_malloc/malloc.c.o (calloc)
/Applications/arm-gnu-toolchain-14.3.Rel1-darwin-arm64-arm-none-eabi/bin/../lib/gcc/arm-none-eabi/14.3.1/../../../../arm-none-eabi/lib/thumb/v8-m.main+fp/softfp/libg.a(libc_a-callocr.o)
                              /Applications/arm-gnu-toolchain-14.3.Rel1-darwin-arm64-arm-none-eabi/bin/../lib/gcc/arm-none-eabi/14.3.1/../../../../arm-none-eabi/lib/thumb/v8-m.main+fp/softfp/libg.a(libc_a-calloc.o) (_calloc_r)
/Applications/arm-gnu-toolchain-14.3.Rel1-darwin-arm64-arm-none-eabi/bin/../lib/gcc/arm-none-eabi/14.3.1/../../../../arm-none-eabi/lib/thumb/v8-m.main+fp/softfp/libg.a(libc_a-malloc.o)
                              CMakeFiles/uart-driver.dir/Users/yingyedeng/pico/pico-sdk/src/rp2_common/pico_malloc/malloc.c.o (malloc)
/Applications/arm-gnu-toolchain-14.3.Rel1-darwin-arm64-arm-none-eabi/bin/../lib/gcc/arm-none-eabi/14.3.1/../../../../arm-none-eabi/lib/thumb/v8-m.main+fp/softfp/libg.a(libc_a-mallocr.o)
                              /Applications/arm-gnu-toolchain-14.3.Rel1-darwin-arm64-arm-none-eabi/bin/../lib/gcc/arm-none-eabi/14.3.1/../../../../arm-none-eabi/lib/thumb/v8-m.main+fp/softfp/libg.a(libc_a-callocr.o) (_malloc_r)
/Applications/arm-gnu-toolchain-14.3.Rel1-darwin-arm64-arm-none-eabi/bin/../lib/gcc/arm-none-eabi/14.3.1/../../../../arm-none-eabi/lib/thumb/v8-m.main+fp/softfp/libg.a(libc_a-mlock.o)
                              /Applications/arm-gnu-toolchain-14.3.Rel1-darwin-arm64-arm-none-eabi/bin/../lib/gcc/arm-none-eabi/14.3.1/../../../../arm-none-eabi/lib/thumb/v8-m.main+fp/softfp/libg.a(libc_a-mallocr.o) (__malloc_lock)
/Applications/arm-gnu-toolchain-14.3.Rel1-darwin-arm64-arm-none-eabi/bin/../lib/gcc/arm-none-eabi/14.3.1/../../../../arm-none-eabi/lib/thumb/v8-m.main+fp/softfp/libg.a(libc_a-realloc.o)
                              CMakeFiles/uart-driver.dir/Users/yingyedeng/pico/pico-sdk/src/rp2_common/pico_malloc/malloc.c.o (realloc)
/Applications/arm-gnu-toolchain-14.3.Rel1-darwin-arm64-arm-none-eabi/bin/../lib/gcc/arm-none-eabi/14.3.1/../../../../arm-none-eabi/lib/thumb/v8-m.main+fp/softfp/libg.a(libc_a-reallocr.o)
[...]
Memory Configuration

Name             Origin             Length             Attributes
FLASH            0x10000000         0x00400000         xr
RAM              0x20000000         0x00080000         xrw
SCRATCH_X        0x20080000         0x00001000         xrw
SCRATCH_Y        0x20081000         0x00001000         xrw
*default*        0x00000000         0xffffffff

Linker script and memory map

LOAD /Applications/arm-gnu-toolchain-14.3.Rel1-darwin-arm64-arm-none-eabi/bin/../lib/gcc/arm-none-eabi/14.3.1/thumb/v8-m.main+fp/softfp/crti.o
LOAD /Applications/arm-gnu-toolchain-14.3.Rel1-darwin-arm64-arm-none-eabi/bin/../lib/gcc/arm-none-eabi/14.3.1/thumb/v8-m.main+fp/softfp/crtbegin.o
LOAD /Applications/arm-gnu-toolchain-14.3.Rel1-darwin-arm64-arm-none-eabi/bin/../lib/gcc/arm-none-eabi/14.3.1/../../../../arm-none-eabi/lib/thumb/v8-m.main+fp/softfp/crt0.o

.flash_begin    0x10000000        0x0
                0x10000000                        __flash_binary_start = .

.text           0x10000000     0x16bc
                0x10000000                        __logical_binary_start = .
 *(.vectors)
 .vectors       0x10000000      0x124 CMakeFiles/uart-driver.dir/Users/yingyedeng/pico/pico-sdk/src/rp2_common/pico_crt0/crt0.S.o
                0x10000000                __VECTOR_TABLE
                0x10000000                __vectors
                0x10000110                __unhandled_user_irq
                0x10000110                isr_irq49
                0x10000110                isr_irq13
                0x10000110                isr_irq43
                0x10000110                isr_irq45
                0x10000110                isr_irq27
                0x10000110                isr_irq32
                0x10000110                isr_irq31
                0x10000110                isr_irq5
                0x10000110                isr_irq11
                0x10000110                isr_irq23
                0x10000110                isr_usagefault
                0x10000110                isr_irq48
                0x10000110                isr_irq35
                0x10000110                isr_irq18
                0x10000110                isr_irq50
                0x10000110                isr_irq9
                0x10000110                isr_irq30
                0x10000110                isr_irq16
                0x10000110                isr_irq44
                0x10000110                isr_irq29
                0x10000110                isr_irq26
                0x10000110                isr_irq33
                0x10000110                isr_irq3
                0x10000110                isr_irq12
                0x10000110                isr_securefault
                0x10000110                isr_irq40
                0x10000110                isr_irq28
                0x10000110                isr_irq19
                0x10000110                isr_irq36
                0x10000110                isr_irq41
                0x10000110                isr_irq0
                0x10000110                isr_irq6
                0x10000110                isr_memmanage
                0x10000110                isr_irq37
                0x10000110                isr_irq42
                0x10000110                isr_irq22
                0x10000110                isr_irq17
                0x10000110                isr_irq38
                0x10000110                isr_irq14
                0x10000110                __vectors_end
                0x10000110                __default_isrs_start
                0x10000110                isr_irq2
                0x10000110                isr_irq10
                0x10000110                isr_irq8
                0x10000110                isr_debugmonitor
                0x10000110                isr_irq24
                0x10000110                isr_irq46
                0x10000110                isr_irq1
                0x10000110                isr_irq47
                0x10000110                isr_irq51
                0x10000110                isr_irq7
                0x10000110                isr_irq21
                0x10000110                isr_irq39
                0x10000110                isr_irq20
                0x10000110                isr_irq15
                0x10000110                isr_irq25
                0x10000110                isr_irq34
                0x10000110                isr_irq4
                0x10000110                isr_busfault
                0x10000116                unhandled_user_irq_num_in_r0
                0x10000118                isr_invalid
                0x1000011a                isr_nmi
                0x1000011c                isr_hardfault
                0x1000011e                isr_svcall
                0x10000120                isr_pendsv
                0x10000122                isr_systick
                0x10000124                __default_isrs_end
 *(.binary_info_header)
 .binary_info_header
                0x10000124       0x14 CMakeFiles/uart-driver.dir/Users/yingyedeng/pico/pico-sdk/src/rp2_common/pico_crt0/crt0.S.o
                0x10000138                        __binary_info_header_end = .
 *(.embedded_block)
 .embedded_block
                0x10000138       0x14 CMakeFiles/uart-driver.dir/Users/yingyedeng/pico/pico-sdk/src/rp2_common/pico_crt0/crt0.S.o
                0x1000014c                        __embedded_block_end = .
 *(.reset)
 .reset         0x1000014c       0x98 CMakeFiles/uart-driver.dir/Users/yingyedeng/pico/pico-sdk/src/rp2_common/pico_crt0/crt0.S.o
                0x1000014c                _entry_point
 *(.init)
 .init          0x100001e4        0x4 /Applications/arm-gnu-toolchain-14.3.Rel1-darwin-arm64-arm-none-eabi/bin/../lib/gcc/arm-none-eabi/14.3.1/thumb/v8-m.main+fp/softfp/crti.o
                0x100001e4                _init
 SORT_BY_NAME(REVERSE(*libgcc.a:cmse_nonsecure_call.o))()
 *(EXCLUDE_FILE(*libm.a: *libc.a:*lib_a-mem*.o *libgcc.a:) .text*)
 .text.register_tm_clones
                0x100001e8       0x28 /Applications/arm-gnu-toolchain-14.3.Rel1-darwin-arm64-arm-none-eabi/bin/../lib/gcc/arm-none-eabi/14.3.1/thumb/v8-m.main+fp/softfp/crtbegin.o
 .text.frame_dummy
                0x10000210       0x24 /Applications/arm-gnu-toolchain-14.3.Rel1-darwin-arm64-arm-none-eabi/bin/../lib/gcc/arm-none-eabi/14.3.1/thumb/v8-m.main+fp/softfp/crtbegin.o
 .text.tx_timer_transitions
                0x10000234       0x84 CMakeFiles/uart-driver.dir/uart-driver.c.o
                0x10000234                tx_timer_transitions
 .text.startup.main
                0x100002b8       0x74 CMakeFiles/uart-driver.dir/uart-driver.c.o
                0x100002b8                main
 .text.gpio_init
                0x1000032c       0x48 CMakeFiles/uart-driver.dir/Users/yingyedeng/pico/pico-sdk/src/rp2_common/hardware_gpio/gpio.c.o
                0x1000032c                gpio_init
 .text.panic    0x10000374       0x30 CMakeFiles/uart-driver.dir/Users/yingyedeng/pico/pico-sdk/src/rp2_common/pico_platform_panic/panic.c.o
                0x10000374                panic
 .text.hw_claim_or_assert
                0x100003a4       0x58 CMakeFiles/uart-driver.dir/Users/yingyedeng/pico/pico-sdk/src/common/hardware_claim/claim.c.o
                0x100003a4                hw_claim_or_assert
 .text.next_striped_spin_lock_num
                0x100003fc       0x18 CMakeFiles/uart-driver.dir/Users/yingyedeng/pico/pico-sdk/src/rp2_common/hardware_sync/sync.c.o
                0x100003fc                next_striped_spin_lock_num
 .text.spinlock_set_extexclall
                0x10000414       0x10 CMakeFiles/uart-driver.dir/Users/yingyedeng/pico/pico-sdk/src/rp2_common/hardware_sync_spin_lock/sync_spin_lock.c.o
 .text.spin_locks_reset
                0x10000424       0x18 CMakeFiles/uart-driver.dir/Users/yingyedeng/pico/pico-sdk/src/rp2_common/hardware_sync_spin_lock/sync_spin_lock.c.o
                0x10000424                spin_locks_reset
 .text.runtime_init_per_core_irq_priorities
                0x1000043c       0x40 CMakeFiles/uart-driver.dir/Users/yingyedeng/pico/pico-sdk/src/rp2_common/hardware_irq/irq.c.o
                0x1000043c                runtime_init_per_core_irq_priorities
 .text.irq_set_enabled
                0x1000047c       0x2c CMakeFiles/uart-driver.dir/Users/yingyedeng/pico/pico-sdk/src/rp2_common/hardware_irq/irq.c.o
                0x1000047c                irq_set_enabled
 .text.irq_set_exclusive_handler
                0x100004a8       0x60 CMakeFiles/uart-driver.dir/Users/yingyedeng/pico/pico-sdk/src/rp2_common/hardware_irq/irq.c.o
                0x100004a8                irq_set_exclusive_handler
 .text.lock_init
                0x10000508        0xc CMakeFiles/uart-driver.dir/Users/yingyedeng/pico/pico-sdk/src/common/pico_sync/lock_core.c.o
                0x10000508                lock_init
 .text.runtime_init_mutex
                0x10000514       0x4c CMakeFiles/uart-driver.dir/Users/yingyedeng/pico/pico-sdk/src/common/pico_sync/mutex.c.o
                0x10000514                runtime_init_mutex
 .text.sleep_until_callback
                0x10000560       0x3c CMakeFiles/uart-driver.dir/Users/yingyedeng/pico/pico-sdk/src/common/pico_time/time.c.o
 *fill*         0x1000059c        0x4 
 .text.alarm_pool_irq_handler
                0x100005a0      0x2fc CMakeFiles/uart-driver.dir/Users/yingyedeng/pico/pico-sdk/src/common/pico_time/time.c.o
 .text.runtime_init_default_alarm_pool
                0x1000089c      0x100 CMakeFiles/uart-driver.dir/Users/yingyedeng/pico/pico-sdk/src/common/pico_time/time.c.o
                0x1000089c                runtime_init_default_alarm_pool
 .text.alarm_pool_get_default
                0x1000099c        0x8 CMakeFiles/uart-driver.dir/Users/yingyedeng/pico/pico-sdk/src/common/pico_time/time.c.o
                0x1000099c                alarm_pool_get_default
 .text.alarm_pool_add_alarm_at_force_in_context
                0x100009a4       0xc8 CMakeFiles/uart-driver.dir/Users/yingyedeng/pico/pico-sdk/src/common/pico_time/time.c.o
                0x100009a4                alarm_pool_add_alarm_at_force_in_context
 .text.alarm_pool_cancel_alarm
                0x10000a6c       0x80 CMakeFiles/uart-driver.dir/Users/yingyedeng/pico/pico-sdk/src/common/pico_time/time.c.o
                0x10000a6c                alarm_pool_cancel_alarm
 .text.sleep_ms
                0x10000aec       0xdc CMakeFiles/uart-driver.dir/Users/yingyedeng/pico/pico-sdk/src/common/pico_time/time.c.o
                0x10000aec                sleep_ms
 .text.best_effort_wfe_or_timeout
                0x10000bc8       0xd4 CMakeFiles/uart-driver.dir/Users/yingyedeng/pico/pico-sdk/src/common/pico_time/time.c.o
                0x10000bc8                best_effort_wfe_or_timeout
 .text.alarm_pool_add_repeating_timer_us
                0x10000c9c      0x120 CMakeFiles/uart-driver.dir/Users/yingyedeng/pico/pico-sdk/src/common/pico_time/time.c.o
                0x10000c9c                alarm_pool_add_repeating_timer_us
 .text.timer_hardware_alarm_claim
                0x10000dbc       0x24 CMakeFiles/uart-driver.dir/Users/yingyedeng/pico/pico-sdk/src/rp2_common/hardware_timer/timer.c.o
                0x10000dbc                timer_hardware_alarm_claim
 .text.timer_time_us_64
                0x10000de0       0x10 CMakeFiles/uart-driver.dir/Users/yingyedeng/pico/pico-sdk/src/rp2_common/hardware_timer/timer.c.o
                0x10000de0                timer_time_us_64
 .text.time_us_64
                0x10000df0       0x14 CMakeFiles/uart-driver.dir/Users/yingyedeng/pico/pico-sdk/src/rp2_common/hardware_timer/timer.c.o
                0x10000df0                time_us_64
 .text.busy_wait_until
                0x10000e04       0x24 CMakeFiles/uart-driver.dir/Users/yingyedeng/pico/pico-sdk/src/rp2_common/hardware_timer/timer.c.o
                0x10000e04                busy_wait_until
 .text.clock_configure_undivided
                0x10000e28       0xd0 CMakeFiles/uart-driver.dir/Users/yingyedeng/pico/pico-sdk/src/rp2_common/hardware_clocks/clocks.c.o
                0x10000e28                clock_configure_undivided
 .text.clock_get_hz
                0x10000ef8        0xc CMakeFiles/uart-driver.dir/Users/yingyedeng/pico/pico-sdk/src/rp2_common/hardware_clocks/clocks.c.o
                0x10000ef8                clock_get_hz
 .text.pll_init
                0x10000f04       0x8c CMakeFiles/uart-driver.dir/Users/yingyedeng/pico/pico-sdk/src/rp2_common/hardware_pll/pll.c.o
                0x10000f04                pll_init
 .text.tick_start
                0x10000f90       0x18 CMakeFiles/uart-driver.dir/Users/yingyedeng/pico/pico-sdk/src/rp2_common/hardware_ticks/ticks.c.o
                0x10000f90                tick_start
 .text.rom_func_lookup
                0x10000fa8       0x18 CMakeFiles/uart-driver.dir/Users/yingyedeng/pico/pico-sdk/src/rp2_common/pico_bootrom/bootrom.c.o
                0x10000fa8                rom_func_lookup
 .text.runtime_init_bootrom_locking_enable
                0x10000fc0       0x14 CMakeFiles/uart-driver.dir/Users/yingyedeng/pico/pico-sdk/src/rp2_common/pico_bootrom/bootrom_lock.c.o
                0x10000fc0                runtime_init_bootrom_locking_enable
 .text.runtime_init_boot_locks_reset
                0x10000fd4       0x1c CMakeFiles/uart-driver.dir/Users/yingyedeng/pico/pico-sdk/src/rp2_common/hardware_boot_lock/boot_lock.c.o
                0x10000fd4                runtime_init_boot_locks_reset
 .text.xosc_init
                0x10000ff0       0x30 CMakeFiles/uart-driver.dir/Users/yingyedeng/pico/pico-sdk/src/rp2_common/hardware_xosc/xosc.c.o
                0x10000ff0                xosc_init
 .text.first_per_core_initializer
                0x10001020        0x4 CMakeFiles/uart-driver.dir/Users/yingyedeng/pico/pico-sdk/src/rp2_common/pico_runtime/runtime.c.o
 .text.hard_assertion_failure
                0x10001024        0xc CMakeFiles/uart-driver.dir/Users/yingyedeng/pico/pico-sdk/src/rp2_common/pico_runtime/runtime.c.o
                0x10001024                hard_assertion_failure
 .text.runtime_run_initializers
                0x10001030       0x20 CMakeFiles/uart-driver.dir/Users/yingyedeng/pico/pico-sdk/src/rp2_common/pico_runtime/runtime.c.o
                0x10001030                runtime_run_initializers
 .text.runtime_init_early_resets
                0x10001050       0x34 CMakeFiles/uart-driver.dir/Users/yingyedeng/pico/pico-sdk/src/rp2_common/pico_runtime_init/runtime_init.c.o
                0x10001050                runtime_init_early_resets
 .text.runtime_init_usb_power_down
                0x10001084       0x1c CMakeFiles/uart-driver.dir/Users/yingyedeng/pico/pico-sdk/src/rp2_common/pico_runtime_init/runtime_init.c.o
                0x10001084                runtime_init_usb_power_down
 .text.runtime_init_per_core_enable_coprocessors
                0x100010a0       0x1c CMakeFiles/uart-driver.dir/Users/yingyedeng/pico/pico-sdk/src/rp2_common/pico_runtime_init/runtime_init.c.o
                0x100010a0                runtime_init_per_core_enable_coprocessors
 .text.runtime_init_post_clock_resets
                0x100010bc       0x20 CMakeFiles/uart-driver.dir/Users/yingyedeng/pico/pico-sdk/src/rp2_common/pico_runtime_init/runtime_init.c.o
                0x100010bc                runtime_init_post_clock_resets
 .text.runtime_init_bootrom_reset
                0x100010dc       0x14 CMakeFiles/uart-driver.dir/Users/yingyedeng/pico/pico-sdk/src/rp2_common/pico_runtime_init/runtime_init.c.o
                0x100010dc                runtime_init_bootrom_reset
 .text.runtime_init_per_core_bootrom_reset
                0x100010f0       0x14 CMakeFiles/uart-driver.dir/Users/yingyedeng/pico/pico-sdk/src/rp2_common/pico_runtime_init/runtime_init.c.o
                0x100010f0                runtime_init_per_core_bootrom_reset
 .text.runtime_init_spin_locks_reset
                0x10001104        0x4 CMakeFiles/uart-driver.dir/Users/yingyedeng/pico/pico-sdk/src/rp2_common/pico_runtime_init/runtime_init.c.o
                0x10001104                runtime_init_spin_locks_reset
 .text.runtime_init_install_ram_vector_table
                0x10001108       0x68 CMakeFiles/uart-driver.dir/Users/yingyedeng/pico/pico-sdk/src/rp2_common/pico_runtime_init/runtime_init.c.o
                0x10001108                runtime_init_install_ram_vector_table
 .text.runtime_init_clocks
                0x10001170       0xdc CMakeFiles/uart-driver.dir/Users/yingyedeng/pico/pico-sdk/src/rp2_common/pico_runtime_init/runtime_init_clocks.c.o
                0x10001170                runtime_init_clocks
 .text._out_char
                0x1000124c        0x8 CMakeFiles/uart-driver.dir/Users/yingyedeng/pico/pico-sdk/src/rp2_common/pico_printf/printf.c.o
 .text.weak_raw_vprintf
                0x10001254       0x30 CMakeFiles/uart-driver.dir/Users/yingyedeng/pico/pico-sdk/src/rp2_common/pico_printf/printf.c.o
                0x10001254                weak_raw_vprintf
 .text._exit    0x10001284        0x4 CMakeFiles/uart-driver.dir/Users/yingyedeng/pico/pico-sdk/src/rp2_common/pico_clib_interface/newlib_interface.c.o
                0x10001284                _exit
 .text.exit     0x10001288        0x8 CMakeFiles/uart-driver.dir/Users/yingyedeng/pico/pico-sdk/src/rp2_common/pico_clib_interface/newlib_interface.c.o
                0x10001288                exit
 .text.runtime_init
                0x10001290       0x24 CMakeFiles/uart-driver.dir/Users/yingyedeng/pico/pico-sdk/src/rp2_common/pico_clib_interface/newlib_interface.c.o
                0x10001290                runtime_init
 .text.stdio_out_chars_no_crlf
                0x100012b4        0x8 CMakeFiles/uart-driver.dir/Users/yingyedeng/pico/pico-sdk/src/rp2_common/pico_stdio/stdio.c.o
 .text.stdio_out_chars_crlf
                0x100012bc       0xb0 CMakeFiles/uart-driver.dir/Users/yingyedeng/pico/pico-sdk/src/rp2_common/pico_stdio/stdio.c.o
 .text.stdio_put_string
                0x1000136c       0xec CMakeFiles/uart-driver.dir/Users/yingyedeng/pico/pico-sdk/src/rp2_common/pico_stdio/stdio.c.o
                0x1000136c                stdio_put_string
 .text.stdio_init_all
                0x10001458        0x4 CMakeFiles/uart-driver.dir/Users/yingyedeng/pico/pico-sdk/src/rp2_common/pico_stdio/stdio.c.o
                0x10001458                stdio_init_all
 .text.__wrap_putchar
                0x1000145c       0x84 CMakeFiles/uart-driver.dir/Users/yingyedeng/pico/pico-sdk/src/rp2_common/pico_stdio/stdio.c.o
                0x1000145c                stdio_putchar
                0x1000145c                __wrap_putchar
 .text.__wrap_puts
                0x100014e0       0x3c CMakeFiles/uart-driver.dir/Users/yingyedeng/pico/pico-sdk/src/rp2_common/pico_stdio/stdio.c.o
                0x100014e0                __wrap_puts
                0x100014e0                stdio_puts
 .text          0x1000151c       0xec /Applications/arm-gnu-toolchain-14.3.Rel1-darwin-arm64-arm-none-eabi/bin/../lib/gcc/arm-none-eabi/14.3.1/../../../../arm-none-eabi/lib/thumb/v8-m.main+fp/softfp/libg.a(libc_a-memcpy.o)
                0x1000151c                memcpy
 .text.strlen   0x10001608       0x5c /Applications/arm-gnu-toolchain-14.3.Rel1-darwin-arm64-arm-none-eabi/bin/../lib/gcc/arm-none-eabi/14.3.1/../../../../arm-none-eabi/lib/thumb/v8-m.main+fp/softfp/libg.a(libc_a-strlen-stub.o)
                0x10001608                strlen
 *(.fini)
 .fini          0x10001664        0x4 /Applications/arm-gnu-toolchain-14.3.Rel1-darwin-arm64-arm-none-eabi/bin/../lib/gcc/arm-none-eabi/14.3.1/thumb/v8-m.main+fp/softfp/crti.o
                0x10001664                _fini
 .fini.__stub   0x10001668       0x10 linker stubs
 *crtbegin.o(.ctors)
 *crtbegin?.o(.ctors)
 *(EXCLUDE_FILE(*crtend.o *crtend?.o) .ctors)
 *(SORT_BY_NAME(.ctors.*))
 *(.ctors)
 *crtbegin.o(.dtors)
 *crtbegin?.o(.dtors)
 *(EXCLUDE_FILE(*crtend.o *crtend?.o) .dtors)
 *(SORT_BY_NAME(.dtors.*))
 *(.dtors)
                0x10001678                        . = ALIGN (0x4)
                0x10001678                        PROVIDE (__preinit_array_start = .)
 *(SORT_BY_NAME(.preinit_array.*))
 .preinit_array.00050
                0x10001678        0x4 CMakeFiles/uart-driver.dir/Users/yingyedeng/pico/pico-sdk/src/rp2_common/pico_runtime_init/runtime_init.c.o
                0x10001678                __pre_init_runtime_init_bootrom_reset
 .preinit_array.00100
                0x1000167c        0x4 CMakeFiles/uart-driver.dir/Users/yingyedeng/pico/pico-sdk/src/rp2_common/pico_runtime_init/runtime_init.c.o
                0x1000167c                __pre_init_runtime_init_early_resets
 .preinit_array.00101
                0x10001680        0x4 CMakeFiles/uart-driver.dir/Users/yingyedeng/pico/pico-sdk/src/rp2_common/pico_runtime_init/runtime_init.c.o
                0x10001680                __pre_init_runtime_init_usb_power_down
 .preinit_array.00500
                0x10001684        0x4 CMakeFiles/uart-driver.dir/Users/yingyedeng/pico/pico-sdk/src/rp2_common/pico_runtime_init/runtime_init.c.o
                0x10001684                __pre_init_runtime_init_clocks
 .preinit_array.00600
                0x10001688        0x4 CMakeFiles/uart-driver.dir/Users/yingyedeng/pico/pico-sdk/src/rp2_common/pico_runtime_init/runtime_init.c.o
                0x10001688                __pre_init_runtime_init_post_clock_resets
 .preinit_array.01000
                0x1000168c        0x4 CMakeFiles/uart-driver.dir/Users/yingyedeng/pico/pico-sdk/src/rp2_common/hardware_boot_lock/boot_lock.c.o
                0x1000168c                __pre_init_runtime_init_boot_locks_reset
 .preinit_array.01000
                0x10001690        0x4 CMakeFiles/uart-driver.dir/Users/yingyedeng/pico/pico-sdk/src/rp2_common/pico_runtime_init/runtime_init.c.o
                0x10001690                __pre_init_runtime_init_spin_locks_reset
 .preinit_array.01010
                0x10001694        0x4 CMakeFiles/uart-driver.dir/Users/yingyedeng/pico/pico-sdk/src/rp2_common/pico_bootrom/bootrom_lock.c.o
                0x10001694                __pre_init_runtime_init_bootrom_locking_enable
 .preinit_array.01100
                0x10001698        0x4 CMakeFiles/uart-driver.dir/Users/yingyedeng/pico/pico-sdk/src/common/pico_sync/mutex.c.o
                0x10001698                __pre_init_runtime_init_mutex
 .preinit_array.10080
                0x1000169c        0x4 CMakeFiles/uart-driver.dir/Users/yingyedeng/pico/pico-sdk/src/rp2_common/pico_runtime_init/runtime_init.c.o
                0x1000169c                __pre_init_runtime_init_install_ram_vector_table
 .preinit_array.11000
                0x100016a0        0x4 CMakeFiles/uart-driver.dir/Users/yingyedeng/pico/pico-sdk/src/common/pico_time/time.c.o
                0x100016a0                __pre_init_runtime_init_default_alarm_pool
 .preinit_array.YYYYY
                0x100016a4        0x4 CMakeFiles/uart-driver.dir/Users/yingyedeng/pico/pico-sdk/src/rp2_common/pico_runtime/runtime.c.o
                0x100016a4                __pre_init_first_per_core_initializer
 .preinit_array.ZZZZZ.00051
                0x100016a8        0x4 CMakeFiles/uart-driver.dir/Users/yingyedeng/pico/pico-sdk/src/rp2_common/pico_runtime_init/runtime_init.c.o
                0x100016a8                __pre_init_runtime_init_per_core_bootrom_reset
 .preinit_array.ZZZZZ.00200
                0x100016ac        0x4 CMakeFiles/uart-driver.dir/Users/yingyedeng/pico/pico-sdk/src/rp2_common/pico_runtime_init/runtime_init.c.o
                0x100016ac                __pre_init_runtime_init_per_core_enable_coprocessors
 .preinit_array.ZZZZZ.01000
                0x100016b0        0x4 CMakeFiles/uart-driver.dir/Users/yingyedeng/pico/pico-sdk/src/rp2_common/hardware_sync_spin_lock/sync_spin_lock.c.o
                0x100016b0                __pre_init_spinlock_set_extexclall
 .preinit_array.ZZZZZ.01200
                0x100016b4        0x4 CMakeFiles/uart-driver.dir/Users/yingyedeng/pico/pico-sdk/src/rp2_common/hardware_irq/irq.c.o
                0x100016b4                __pre_init_runtime_init_per_core_irq_priorities
 *(.preinit_array)
                0x100016b8                        PROVIDE (__preinit_array_end = .)
                0x100016b8                        . = ALIGN (0x4)
                0x100016b8                        PROVIDE (__init_array_start = .)
 *(SORT_BY_NAME(.init_array.*))
 *(.init_array)
 .init_array    0x100016b8        0x4 /Applications/arm-gnu-toolchain-14.3.Rel1-darwin-arm64-arm-none-eabi/bin/../lib/gcc/arm-none-eabi/14.3.1/thumb/v8-m.main+fp/softfp/crtbegin.o
                0x100016bc                        PROVIDE (__init_array_end = .)
                0x100016bc                        . = ALIGN (0x4)
                [!provide]                        PROVIDE (__fini_array_start = .)
 *(SORT_BY_NAME(.fini_array.*))
 *(.fini_array)
                [!provide]                        PROVIDE (__fini_array_end = .)
 *(.eh_frame*)
 .eh_frame      0x100016bc        0x0 /Applications/arm-gnu-toolchain-14.3.Rel1-darwin-arm64-arm-none-eabi/bin/../lib/gcc/arm-none-eabi/14.3.1/thumb/v8-m.main+fp/softfp/crtbegin.o
                0x100016bc                        . = ALIGN (0x4)

.glue_7         0x100016bc        0x0
 .glue_7        0x100016bc        0x0 linker stubs

.glue_7t        0x100016bc        0x0
 .glue_7t       0x100016bc        0x0 linker stubs

.vfp11_veneer   0x100016bc        0x0
 .vfp11_veneer  0x100016bc        0x0 linker stubs

.v4_bx          0x100016bc        0x0
 .v4_bx         0x100016bc        0x0 linker stubs

.iplt           0x100016bc        0x0
 .iplt          0x100016bc        0x0 /Applications/arm-gnu-toolchain-14.3.Rel1-darwin-arm64-arm-none-eabi/bin/../lib/gcc/arm-none-eabi/14.3.1/thumb/v8-m.main+fp/softfp/crtbegin.o

.boot2          0x100016bc        0x0
                0x100016bc                        __boot2_start__ = .
 *(.boot2)
                0x100016bc                        __boot2_end__ = .
                0x00000001                        ASSERT (((__boot2_end__ - __boot2_start__) <= 0x100), ERROR: Pico second stage bootloader must be no more than 256 bytes in size)

.rodata         0x100016bc       0xe4
 *(EXCLUDE_FILE(*libm.a: *libc.a:*lib_a-mem*.o *libgcc.a:) .rodata*)
 .rodata.main.str1.4
                0x100016bc       0x8c CMakeFiles/uart-driver.dir/uart-driver.c.o
                                  0x8 (size before relaxing)
 .rodata.panic.str1.4
                0x10001748       0x12 CMakeFiles/uart-driver.dir/Users/yingyedeng/pico/pico-sdk/src/rp2_common/pico_platform_panic/panic.c.o
 .rodata.timer_hardware_alarm_claim.str1.4
                0x10001748       0x22 CMakeFiles/uart-driver.dir/Users/yingyedeng/pico/pico-sdk/src/rp2_common/hardware_timer/timer.c.o
 .rodata.hard_assertion_failure.str1.4
                0x10001748        0xc CMakeFiles/uart-driver.dir/Users/yingyedeng/pico/pico-sdk/src/rp2_common/pico_runtime/runtime.c.o
 .rodata.str1.4
                0x10001748       0x40 CMakeFiles/uart-driver.dir/Users/yingyedeng/pico/pico-sdk/src/rp2_common/pico_standard_binary_info/standard_binary_info.c.o
 .rodata.__bi_84
                0x10001748        0xc CMakeFiles/uart-driver.dir/Users/yingyedeng/pico/pico-sdk/src/rp2_common/pico_standard_binary_info/standard_binary_info.c.o
 .rodata.__bi_78
                0x10001754        0xc CMakeFiles/uart-driver.dir/Users/yingyedeng/pico/pico-sdk/src/rp2_common/pico_standard_binary_info/standard_binary_info.c.o
 .rodata.__bi_54
                0x10001760        0xc CMakeFiles/uart-driver.dir/Users/yingyedeng/pico/pico-sdk/src/rp2_common/pico_standard_binary_info/standard_binary_info.c.o
 .rodata.__bi_48
                0x1000176c        0xc CMakeFiles/uart-driver.dir/Users/yingyedeng/pico/pico-sdk/src/rp2_common/pico_standard_binary_info/standard_binary_info.c.o
 .rodata.__bi_42
                0x10001778        0xc CMakeFiles/uart-driver.dir/Users/yingyedeng/pico/pico-sdk/src/rp2_common/pico_standard_binary_info/standard_binary_info.c.o
 .rodata.__bi_34
                0x10001784        0xc CMakeFiles/uart-driver.dir/Users/yingyedeng/pico/pico-sdk/src/rp2_common/pico_standard_binary_info/standard_binary_info.c.o
 .rodata.__bi_26
                0x10001790        0xc CMakeFiles/uart-driver.dir/Users/yingyedeng/pico/pico-sdk/src/rp2_common/pico_standard_binary_info/standard_binary_info.c.o
 .rodata.crlf_str.0
                0x1000179c        0x2 CMakeFiles/uart-driver.dir/Users/yingyedeng/pico/pico-sdk/src/rp2_common/pico_stdio/stdio.c.o
 *(.srodata*)
                0x100017a0                        . = ALIGN (0x4)
 *fill*         0x1000179e        0x2 
 *(SORT_BY_ALIGNMENT(SORT_BY_NAME(.flashdata*)))
                0x100017a0                        . = ALIGN (0x4)

.ARM.extab
 *(.ARM.extab* .gnu.linkonce.armextab.*)
                0x100017a0                        __exidx_start = .

.ARM.exidx      0x100017a0        0x8
 *(.ARM.exidx* .gnu.linkonce.armexidx.*)
 .ARM.exidx     0x100017a0        0x8 /Applications/arm-gnu-toolchain-14.3.Rel1-darwin-arm64-arm-none-eabi/bin/../lib/gcc/arm-none-eabi/14.3.1/../../../../arm-none-eabi/lib/thumb/v8-m.main+fp/softfp/libg.a(libc_a-memcpy.o)
                0x100017a8                        __exidx_end = .
                0x100017a8                        . = ALIGN (0x4)
                0x100017a8                        __binary_info_start = .

.binary_info    0x100017a8       0x1c
 *(.binary_info.keep.*)
 .binary_info.keep.__bi_ptr84
                0x100017a8        0x4 CMakeFiles/uart-driver.dir/Users/yingyedeng/pico/pico-sdk/src/rp2_common/pico_standard_binary_info/standard_binary_info.c.o
 .binary_info.keep.__bi_ptr78
                0x100017ac        0x4 CMakeFiles/uart-driver.dir/Users/yingyedeng/pico/pico-sdk/src/rp2_common/pico_standard_binary_info/standard_binary_info.c.o
 .binary_info.keep.__bi_ptr54
                0x100017b0        0x4 CMakeFiles/uart-driver.dir/Users/yingyedeng/pico/pico-sdk/src/rp2_common/pico_standard_binary_info/standard_binary_info.c.o
 .binary_info.keep.__bi_ptr48
                0x100017b4        0x4 CMakeFiles/uart-driver.dir/Users/yingyedeng/pico/pico-sdk/src/rp2_common/pico_standard_binary_info/standard_binary_info.c.o
 .binary_info.keep.__bi_ptr42
                0x100017b8        0x4 CMakeFiles/uart-driver.dir/Users/yingyedeng/pico/pico-sdk/src/rp2_common/pico_standard_binary_info/standard_binary_info.c.o
 .binary_info.keep.__bi_ptr34
                0x100017bc        0x4 CMakeFiles/uart-driver.dir/Users/yingyedeng/pico/pico-sdk/src/rp2_common/pico_standard_binary_info/standard_binary_info.c.o
 .binary_info.keep.__bi_ptr26
                0x100017c0        0x4 CMakeFiles/uart-driver.dir/Users/yingyedeng/pico/pico-sdk/src/rp2_common/pico_standard_binary_info/standard_binary_info.c.o
 *(.binary_info.*)
                0x100017c4                        __binary_info_end = .
                0x100017c4                        . = ALIGN (0x4)

.ram_vector_table
                0x20000000      0x110
 *(.ram_vector_table)
 .ram_vector_table
                0x20000000      0x110 CMakeFiles/uart-driver.dir/Users/yingyedeng/pico/pico-sdk/src/rp2_common/pico_runtime_init/runtime_init.c.o
                0x20000000                ram_vector_table

.uninitialized_data
                0x20000110        0x0
                0x20000110                        . = ALIGN (0x4)
 *(.uninitialized_data*)

.data           0x20000110      0x13c load address 0x100017c4
                0x20000110                        __data_start__ = .
 *(vtable)
 *(.time_critical*)
 .time_critical.mutex_enter_block_until
                0x20000110       0x6c CMakeFiles/uart-driver.dir/Users/yingyedeng/pico/pico-sdk/src/common/pico_sync/mutex.c.o
                0x20000110                mutex_enter_block_until
 .time_critical.mutex_try_enter_block_until
                0x2000017c       0x68 CMakeFiles/uart-driver.dir/Users/yingyedeng/pico/pico-sdk/src/common/pico_sync/mutex.c.o
                0x2000017c                mutex_try_enter_block_until
 .time_critical.mutex_exit
                0x200001e4       0x3c CMakeFiles/uart-driver.dir/Users/yingyedeng/pico/pico-sdk/src/common/pico_sync/mutex.c.o
                0x200001e4                mutex_exit
 .time_critical.mutex_exit.__stub
                0x20000220        0x8 linker stubs
 *(.text*)
                0x20000228                        . = ALIGN (0x4)
 *(.rodata*)
                0x20000228                        . = ALIGN (0x4)
 *(.data*)
 .data.striped_spin_lock_num
                0x20000228        0x1 CMakeFiles/uart-driver.dir/Users/yingyedeng/pico/pico-sdk/src/rp2_common/hardware_sync/sync.c.o
 *fill*         0x20000229        0x3 
 .data.default_alarm_pool
                0x2000022c       0x18 CMakeFiles/uart-driver.dir/Users/yingyedeng/pico/pico-sdk/src/common/pico_time/time.c.o
 *(.sdata*)
                0x20000244                        . = ALIGN (0x4)
 *(.after_data.*)
                0x20000244                        . = ALIGN (0x4)
                0x20000244                        PROVIDE (__mutex_array_start = .)
 *(SORT_BY_NAME(.mutex_array.*))
 *(.mutex_array)
 .mutex_array   0x20000244        0x8 CMakeFiles/uart-driver.dir/Users/yingyedeng/pico/pico-sdk/src/rp2_common/pico_stdio/stdio.c.o
                0x2000024c                        PROVIDE (__mutex_array_end = .)
 *(.jcr)
                0x2000024c                        . = ALIGN (0x4)

.tm_clone_table
                0x2000024c        0x0 load address 0x10001900
 .tm_clone_table
                0x2000024c        0x0 /Applications/arm-gnu-toolchain-14.3.Rel1-darwin-arm64-arm-none-eabi/bin/../lib/gcc/arm-none-eabi/14.3.1/thumb/v8-m.main+fp/softfp/crtbegin.o
 .tm_clone_table
                0x2000024c        0x0 /Applications/arm-gnu-toolchain-14.3.Rel1-darwin-arm64-arm-none-eabi/bin/../lib/gcc/arm-none-eabi/14.3.1/thumb/v8-m.main+fp/softfp/crtend.o

.igot.plt       0x2000024c        0x0 load address 0x10001900
 .igot.plt      0x2000024c        0x0 /Applications/arm-gnu-toolchain-14.3.Rel1-darwin-arm64-arm-none-eabi/bin/../lib/gcc/arm-none-eabi/14.3.1/thumb/v8-m.main+fp/softfp/crtbegin.o

.tdata          0x2000024c        0x0 load address 0x10001900
                0x2000024c                        . = ALIGN (0x4)
 *(.tdata .tdata.* .gnu.linkonce.td.*)
                0x2000024c                        __tdata_end = .
                0x2000024c                        PROVIDE (__data_end__ = .)
                0x100017c4                        __etext = LOADADDR (.data)

.tbss           0x2000024c        0x0 load address 0x10001900
                0x2000024c                        . = ALIGN (0x4)
                0x2000024c                        __bss_start__ = .
                0x2000024c                        __tls_base = .
 *(.tbss .tbss.* .gnu.linkonce.tb.*)
 *(.tcommon)
                0x2000024c                        __tls_end = .

.bss            0x20000250      0x21c load address 0x10001900
                0x20000250                        . = ALIGN (0x4)
                0x20000250                        __tbss_end = .
 *(SORT_BY_ALIGNMENT(SORT_BY_NAME(.bss*)))
 .bss.default_alarm_pool_entries
                0x20000250      0x180 CMakeFiles/uart-driver.dir/Users/yingyedeng/pico/pico-sdk/src/common/pico_time/time.c.o
 .bss._sw_spin_locks
                0x200003d0       0x20 CMakeFiles/uart-driver.dir/Users/yingyedeng/pico/pico-sdk/src/rp2_common/hardware_sync_spin_lock/sync_spin_lock.c.o
                0x200003d0                _sw_spin_locks
 .bss.bit_index
                0x200003f0        0x4 CMakeFiles/uart-driver.dir/uart-driver.c.o
                0x200003f0                bit_index
 .bss.claimed   0x200003f4        0x2 CMakeFiles/uart-driver.dir/Users/yingyedeng/pico/pico-sdk/src/rp2_common/hardware_timer/timer.c.o
 *fill*         0x200003f6        0x2 
 .bss.configured_freq
                0x200003f8       0x28 CMakeFiles/uart-driver.dir/Users/yingyedeng/pico/pico-sdk/src/rp2_common/hardware_clocks/clocks.c.o
 .bss.drivers   0x20000420        0x4 CMakeFiles/uart-driver.dir/Users/yingyedeng/pico/pico-sdk/src/rp2_common/pico_stdio/stdio.c.o
 .bss.filter    0x20000424        0x4 CMakeFiles/uart-driver.dir/Users/yingyedeng/pico/pico-sdk/src/rp2_common/pico_stdio/stdio.c.o
 .bss.lazy_vsnprintf
                0x20000428        0x4 CMakeFiles/uart-driver.dir/Users/yingyedeng/pico/pico-sdk/src/rp2_common/pico_printf/printf.c.o
 .bss.object.0  0x2000042c       0x18 /Applications/arm-gnu-toolchain-14.3.Rel1-darwin-arm64-arm-none-eabi/bin/../lib/gcc/arm-none-eabi/14.3.1/thumb/v8-m.main+fp/softfp/crtbegin.o
 .bss.pools     0x20000444       0x20 CMakeFiles/uart-driver.dir/Users/yingyedeng/pico/pico-sdk/src/common/pico_time/time.c.o
 .bss.sleep_notifier
                0x20000464        0x4 CMakeFiles/uart-driver.dir/Users/yingyedeng/pico/pico-sdk/src/common/pico_time/time.c.o
 .bss.tx_busy   0x20000468        0x1 CMakeFiles/uart-driver.dir/uart-driver.c.o
                0x20000468                tx_busy
 .bss.tx_byte   0x20000469        0x1 CMakeFiles/uart-driver.dir/uart-driver.c.o
                0x20000469                tx_byte
 .bss.tx_state  0x2000046a        0x1 CMakeFiles/uart-driver.dir/uart-driver.c.o
                0x2000046a                tx_state
 *(COMMON)
                [!provide]                        PROVIDE (__global_pointer$ = (. + 0x800))
 *(.sbss*)
                0x2000046c                        . = ALIGN (0x4)
 *fill*         0x2000046b        0x1 
                0x2000046c                        __bss_end__ = .

.heap           0x2000046c      0x800 load address 0x10001900
                0x2000046c                        __end__ = .
                0x2000046c                        end = __end__
 *(.heap*)
 .heap          0x2000046c      0x800 CMakeFiles/uart-driver.dir/Users/yingyedeng/pico/pico-sdk/src/rp2_common/pico_crt0/crt0.S.o
                0x20080000                        __HeapLimit = (ORIGIN (RAM) + LENGTH (RAM))

.scratch_x      0x20080000        0x0 load address 0x10001900
                0x20080000                        __scratch_x_start__ = .
 *(.scratch_x.*)
                0x20080000                        . = ALIGN (0x4)
                0x20080000                        __scratch_x_end__ = .
                0x10001900                        __scratch_x_source__ = LOADADDR (.scratch_x)

.scratch_y      0x20081000        0x0 load address 0x10001900
                0x20081000                        __scratch_y_start__ = .
 *(.scratch_y.*)
                0x20081000                        . = ALIGN (0x4)
                0x20081000                        __scratch_y_end__ = .
                0x10001900                        __scratch_y_source__ = LOADADDR (.scratch_y)

.stack1_dummy
 *(.stack1*)

.stack_dummy    0x20081000      0x800
 *(.stack*)
 .stack         0x20081000      0x800 CMakeFiles/uart-driver.dir/Users/yingyedeng/pico/pico-sdk/src/rp2_common/pico_crt0/crt0.S.o

.flash_end      0x10001900       0x14
 *(.embedded_end_block*)
 .embedded_end_block
                0x10001900       0x14 CMakeFiles/uart-driver.dir/Users/yingyedeng/pico/pico-sdk/src/rp2_common/pico_crt0/crt0.S.o
                0x10001914                        PROVIDE (__flash_binary_end = .)
                0x20080000                        __StackLimit = (ORIGIN (RAM) + LENGTH (RAM))
                0x20081000                        __StackOneTop = (ORIGIN (SCRATCH_X) + LENGTH (SCRATCH_X))
                0x20082000                        __StackTop = (ORIGIN (SCRATCH_Y) + LENGTH (SCRATCH_Y))
                0x20081000                        __StackOneBottom = (__StackOneTop - SIZEOF (.stack1_dummy))
                0x20081800                        __StackBottom = (__StackTop - SIZEOF (.stack_dummy))
                0x20082000                        PROVIDE (__stack = __StackTop)
                [!provide]                        PROVIDE (__heap_start = __end__)
                [!provide]                        PROVIDE (__heap_end = __HeapLimit)
                [!provide]                        PROVIDE (__tls_align = MAX (ALIGNOF (.tdata), ALIGNOF (.tbss)))
                [!provide]                        PROVIDE (__tls_size_align = (((__tls_size + __tls_align) - 0x1) & ~ ((__tls_align - 0x1))))
                [!provide]                        PROVIDE (__arm32_tls_tcb_offset = MAX (0x8, __tls_align))
                [!provide]                        PROVIDE (_end = __end__)
                [!provide]                        PROVIDE (__llvm_libc_heap_limit = __HeapLimit)
                0x00000001                        ASSERT ((__StackLimit >= __HeapLimit), region RAM overflowed)
                0x00000001                        ASSERT (((__binary_info_header_end - __logical_binary_start) <= 0x400), Binary info must be in first 1024 bytes of the binary)
                0x00000001                        ASSERT (((__embedded_block_end - __logical_binary_start) <= 0x1000), Embedded block must be in first 4096 bytes of the binary)
LOAD CMakeFiles/uart-driver.dir/uart-driver.c.o
LOAD CMakeFiles/uart-driver.dir/Users/yingyedeng/pico/pico-sdk/src/rp2_common/pico_stdlib/stdlib.c.o
LOAD CMakeFiles/uart-driver.dir/Users/yingyedeng/pico/pico-sdk/src/rp2_common/hardware_gpio/gpio.c.o
LOAD CMakeFiles/uart-driver.dir/Users/yingyedeng/pico/pico-sdk/src/rp2350/pico_platform/platform.c.o
LOAD CMakeFiles/uart-driver.dir/Users/yingyedeng/pico/pico-sdk/src/rp2_common/pico_platform_common/common.c.o
LOAD CMakeFiles/uart-driver.dir/Users/yingyedeng/pico/pico-sdk/src/rp2_common/pico_platform_panic/panic.c.o
LOAD CMakeFiles/uart-driver.dir/Users/yingyedeng/pico/pico-sdk/src/common/hardware_claim/claim.c.o
LOAD CMakeFiles/uart-driver.dir/Users/yingyedeng/pico/pico-sdk/src/rp2_common/hardware_sync/sync.c.o
LOAD CMakeFiles/uart-driver.dir/Users/yingyedeng/pico/pico-sdk/src/rp2_common/hardware_sync_spin_lock/sync_spin_lock.c.o
LOAD CMakeFiles/uart-driver.dir/Users/yingyedeng/pico/pico-sdk/src/rp2_common/hardware_irq/irq.c.o
LOAD CMakeFiles/uart-driver.dir/Users/yingyedeng/pico/pico-sdk/src/rp2_common/hardware_irq/irq_handler_chain.S.o
LOAD CMakeFiles/uart-driver.dir/Users/yingyedeng/pico/pico-sdk/src/common/pico_sync/sem.c.o
LOAD CMakeFiles/uart-driver.dir/Users/yingyedeng/pico/pico-sdk/src/common/pico_sync/lock_core.c.o
LOAD CMakeFiles/uart-driver.dir/Users/yingyedeng/pico/pico-sdk/src/common/pico_sync/mutex.c.o
LOAD CMakeFiles/uart-driver.dir/Users/yingyedeng/pico/pico-sdk/src/common/pico_sync/critical_section.c.o
LOAD CMakeFiles/uart-driver.dir/Users/yingyedeng/pico/pico-sdk/src/common/pico_time/time.c.o
LOAD CMakeFiles/uart-driver.dir/Users/yingyedeng/pico/pico-sdk/src/common/pico_time/timeout_helper.c.o
LOAD CMakeFiles/uart-driver.dir/Users/yingyedeng/pico/pico-sdk/src/rp2_common/hardware_timer/timer.c.o
LOAD CMakeFiles/uart-driver.dir/Users/yingyedeng/pico/pico-sdk/src/common/pico_util/datetime.c.o
LOAD CMakeFiles/uart-driver.dir/Users/yingyedeng/pico/pico-sdk/src/common/pico_util/pheap.c.o
LOAD CMakeFiles/uart-driver.dir/Users/yingyedeng/pico/pico-sdk/src/common/pico_util/queue.c.o
LOAD CMakeFiles/uart-driver.dir/Users/yingyedeng/pico/pico-sdk/src/rp2_common/hardware_uart/uart.c.o
LOAD CMakeFiles/uart-driver.dir/Users/yingyedeng/pico/pico-sdk/src/rp2_common/hardware_clocks/clocks.c.o
LOAD CMakeFiles/uart-driver.dir/Users/yingyedeng/pico/pico-sdk/src/rp2_common/hardware_pll/pll.c.o
LOAD CMakeFiles/uart-driver.dir/Users/yingyedeng/pico/pico-sdk/src/rp2_common/hardware_vreg/vreg.c.o
LOAD CMakeFiles/uart-driver.dir/Users/yingyedeng/pico/pico-sdk/src/rp2_common/hardware_watchdog/watchdog.c.o
LOAD CMakeFiles/uart-driver.dir/Users/yingyedeng/pico/pico-sdk/src/rp2_common/hardware_ticks/ticks.c.o
LOAD CMakeFiles/uart-driver.dir/Users/yingyedeng/pico/pico-sdk/src/rp2_common/pico_bootrom/bootrom.c.o
LOAD CMakeFiles/uart-driver.dir/Users/yingyedeng/pico/pico-sdk/src/rp2_common/pico_bootrom/bootrom_lock.c.o
LOAD CMakeFiles/uart-driver.dir/Users/yingyedeng/pico/pico-sdk/src/rp2_common/hardware_boot_lock/boot_lock.c.o
LOAD CMakeFiles/uart-driver.dir/Users/yingyedeng/pico/pico-sdk/src/rp2_common/pico_flash/flash.c.o
LOAD CMakeFiles/uart-driver.dir/Users/yingyedeng/pico/pico-sdk/src/rp2_common/hardware_xosc/xosc.c.o
LOAD CMakeFiles/uart-driver.dir/Users/yingyedeng/pico/pico-sdk/src/rp2_common/hardware_divider/divider.c.o
LOAD CMakeFiles/uart-driver.dir/Users/yingyedeng/pico/pico-sdk/src/rp2_common/pico_runtime/runtime.c.o
LOAD CMakeFiles/uart-driver.dir/Users/yingyedeng/pico/pico-sdk/src/rp2_common/pico_runtime_init/runtime_init.c.o
LOAD CMakeFiles/uart-driver.dir/Users/yingyedeng/pico/pico-sdk/src/rp2_common/pico_runtime_init/runtime_init_clocks.c.o
LOAD CMakeFiles/uart-driver.dir/Users/yingyedeng/pico/pico-sdk/src/rp2_common/pico_runtime_init/runtime_init_stack_guard.c.o
LOAD CMakeFiles/uart-driver.dir/Users/yingyedeng/pico/pico-sdk/src/rp2_common/pico_bit_ops/bit_ops_aeabi.S.o
LOAD CMakeFiles/uart-driver.dir/Users/yingyedeng/pico/pico-sdk/src/rp2_common/pico_divider/divider_compiler.c.o
LOAD CMakeFiles/uart-driver.dir/Users/yingyedeng/pico/pico-sdk/src/rp2_common/pico_double/double_math.c.o
LOAD CMakeFiles/uart-driver.dir/Users/yingyedeng/pico/pico-sdk/src/rp2_common/pico_double/double_aeabi_dcp.S.o
LOAD CMakeFiles/uart-driver.dir/Users/yingyedeng/pico/pico-sdk/src/rp2_common/pico_double/double_fma_dcp.S.o
LOAD CMakeFiles/uart-driver.dir/Users/yingyedeng/pico/pico-sdk/src/rp2_common/pico_double/double_sci_m33.S.o
LOAD CMakeFiles/uart-driver.dir/Users/yingyedeng/pico/pico-sdk/src/rp2_common/pico_double/double_conv_m33.S.o
LOAD CMakeFiles/uart-driver.dir/Users/yingyedeng/pico/pico-sdk/src/rp2_common/pico_float/float_math.c.o
LOAD CMakeFiles/uart-driver.dir/Users/yingyedeng/pico/pico-sdk/src/rp2_common/pico_float/float_conv32_vfp.S.o
LOAD CMakeFiles/uart-driver.dir/Users/yingyedeng/pico/pico-sdk/src/rp2_common/pico_float/float_common_m33.S.o
LOAD CMakeFiles/uart-driver.dir/Users/yingyedeng/pico/pico-sdk/src/rp2_common/pico_float/float_sci_m33_vfp.S.o
LOAD CMakeFiles/uart-driver.dir/Users/yingyedeng/pico/pico-sdk/src/rp2_common/pico_malloc/malloc.c.o
LOAD CMakeFiles/uart-driver.dir/Users/yingyedeng/pico/pico-sdk/src/rp2_common/pico_atomic/atomic.c.o
LOAD CMakeFiles/uart-driver.dir/Users/yingyedeng/pico/pico-sdk/src/rp2_common/pico_cxx_options/new_delete.cpp.o
LOAD CMakeFiles/uart-driver.dir/Users/yingyedeng/pico/pico-sdk/src/rp2_common/pico_standard_binary_info/standard_binary_info.c.o
LOAD CMakeFiles/uart-driver.dir/Users/yingyedeng/pico/pico-sdk/src/rp2_common/pico_printf/printf.c.o
LOAD CMakeFiles/uart-driver.dir/Users/yingyedeng/pico/pico-sdk/src/rp2_common/pico_crt0/crt0.S.o
LOAD CMakeFiles/uart-driver.dir/Users/yingyedeng/pico/pico-sdk/src/rp2_common/pico_clib_interface/newlib_interface.c.o
LOAD CMakeFiles/uart-driver.dir/Users/yingyedeng/pico/pico-sdk/src/rp2_common/pico_stdio/stdio.c.o
LOAD pico-sdk/src/rp2350/boot_stage2/CMakeFiles/bs2_default_library.dir/bs2_default_padded_checksummed.S.o
LOAD /Applications/arm-gnu-toolchain-14.3.Rel1-darwin-arm64-arm-none-eabi/bin/../lib/gcc/arm-none-eabi/14.3.1/../../../../arm-none-eabi/lib/thumb/v8-m.main+fp/softfp/libstdc++.a
LOAD /Applications/arm-gnu-toolchain-14.3.Rel1-darwin-arm64-arm-none-eabi/bin/../lib/gcc/arm-none-eabi/14.3.1/../../../../arm-none-eabi/lib/thumb/v8-m.main+fp/softfp/libm.a
START GROUP
LOAD /Applications/arm-gnu-toolchain-14.3.Rel1-darwin-arm64-arm-none-eabi/bin/../lib/gcc/arm-none-eabi/14.3.1/thumb/v8-m.main+fp/softfp/libgcc.a
LOAD /Applications/arm-gnu-toolchain-14.3.Rel1-darwin-arm64-arm-none-eabi/bin/../lib/gcc/arm-none-eabi/14.3.1/../../../../arm-none-eabi/lib/thumb/v8-m.main+fp/softfp/libg.a
LOAD /Applications/arm-gnu-toolchain-14.3.Rel1-darwin-arm64-arm-none-eabi/bin/../lib/gcc/arm-none-eabi/14.3.1/../../../../arm-none-eabi/lib/thumb/v8-m.main+fp/softfp/libc.a
END GROUP
START GROUP
LOAD /Applications/arm-gnu-toolchain-14.3.Rel1-darwin-arm64-arm-none-eabi/bin/../lib/gcc/arm-none-eabi/14.3.1/thumb/v8-m.main+fp/softfp/libgcc.a
LOAD /Applications/arm-gnu-toolchain-14.3.Rel1-darwin-arm64-arm-none-eabi/bin/../lib/gcc/arm-none-eabi/14.3.1/../../../../arm-none-eabi/lib/thumb/v8-m.main+fp/softfp/libc.a
LOAD /Applications/arm-gnu-toolchain-14.3.Rel1-darwin-arm64-arm-none-eabi/bin/../lib/gcc/arm-none-eabi/14.3.1/../../../../arm-none-eabi/lib/thumb/v8-m.main+fp/softfp/libnosys.a
END GROUP
LOAD /Applications/arm-gnu-toolchain-14.3.Rel1-darwin-arm64-arm-none-eabi/bin/../lib/gcc/arm-none-eabi/14.3.1/thumb/v8-m.main+fp/softfp/crtend.o
LOAD /Applications/arm-gnu-toolchain-14.3.Rel1-darwin-arm64-arm-none-eabi/bin/../lib/gcc/arm-none-eabi/14.3.1/thumb/v8-m.main+fp/softfp/crtn.o
OUTPUT(uart-driver.elf elf32-littlearm)
LOAD linker stubs

.rel.dyn        0x10001914        0x0
 .rel.iplt      0x10001914        0x0 /Applications/arm-gnu-toolchain-14.3.Rel1-darwin-arm64-arm-none-eabi/bin/../lib/gcc/arm-none-eabi/14.3.1/thumb/v8-m.main+fp/softfp/crtbegin.o

.ARM.attributes
                0x00000000       0x34
 .ARM.attributes
                0x00000000       0x26 /Applications/arm-gnu-toolchain-14.3.Rel1-darwin-arm64-arm-none-eabi/bin/../lib/gcc/arm-none-eabi/14.3.1/thumb/v8-m.main+fp/softfp/crti.o
 .ARM.attributes
                0x00000026       0x36 /Applications/arm-gnu-toolchain-14.3.Rel1-darwin-arm64-arm-none-eabi/bin/../lib/gcc/arm-none-eabi/14.3.1/thumb/v8-m.main+fp/softfp/crtbegin.o
 .ARM.attributes
                0x0000005c       0x38 CMakeFiles/uart-driver.dir/uart-driver.c.o
 .ARM.attributes
                0x00000094       0x38 CMakeFiles/uart-driver.dir/Users/yingyedeng/pico/pico-sdk/src/rp2_common/hardware_gpio/gpio.c.o
 .ARM.attributes
                0x000000cc       0x38 CMakeFiles/uart-driver.dir/Users/yingyedeng/pico/pico-sdk/src/rp2_common/pico_platform_panic/panic.c.o
 .ARM.attributes
                0x00000104       0x38 CMakeFiles/uart-driver.dir/Users/yingyedeng/pico/pico-sdk/src/common/hardware_claim/claim.c.o
 .ARM.attributes
                0x0000013c       0x38 CMakeFiles/uart-driver.dir/Users/yingyedeng/pico/pico-sdk/src/rp2_common/hardware_sync/sync.c.o
 .ARM.attributes
                0x00000174       0x38 CMakeFiles/uart-driver.dir/Users/yingyedeng/pico/pico-sdk/src/rp2_common/hardware_sync_spin_lock/sync_spin_lock.c.o
 .ARM.attributes
                0x000001ac       0x38 CMakeFiles/uart-driver.dir/Users/yingyedeng/pico/pico-sdk/src/rp2_common/hardware_irq/irq.c.o
 .ARM.attributes
                0x000001e4       0x38 CMakeFiles/uart-driver.dir/Users/yingyedeng/pico/pico-sdk/src/common/pico_sync/lock_core.c.o
 .ARM.attributes
                0x0000021c       0x38 CMakeFiles/uart-driver.dir/Users/yingyedeng/pico/pico-sdk/src/common/pico_sync/mutex.c.o
 .ARM.attributes
                0x00000254       0x38 CMakeFiles/uart-driver.dir/Users/yingyedeng/pico/pico-sdk/src/common/pico_time/time.c.o
 .ARM.attributes
                0x0000028c       0x38 CMakeFiles/uart-driver.dir/Users/yingyedeng/pico/pico-sdk/src/rp2_common/hardware_timer/timer.c.o
 .ARM.attributes
                0x000002c4       0x38 CMakeFiles/uart-driver.dir/Users/yingyedeng/pico/pico-sdk/src/rp2_common/hardware_clocks/clocks.c.o
 .ARM.attributes
                0x000002fc       0x38 CMakeFiles/uart-driver.dir/Users/yingyedeng/pico/pico-sdk/src/rp2_common/hardware_pll/pll.c.o
 .ARM.attributes
                0x00000334       0x38 CMakeFiles/uart-driver.dir/Users/yingyedeng/pico/pico-sdk/src/rp2_common/hardware_ticks/ticks.c.o
 .ARM.attributes
                0x0000036c       0x38 CMakeFiles/uart-driver.dir/Users/yingyedeng/pico/pico-sdk/src/rp2_common/pico_bootrom/bootrom.c.o
 .ARM.attributes
                0x000003a4       0x38 CMakeFiles/uart-driver.dir/Users/yingyedeng/pico/pico-sdk/src/rp2_common/pico_bootrom/bootrom_lock.c.o
 .ARM.attributes
                0x000003dc       0x38 CMakeFiles/uart-driver.dir/Users/yingyedeng/pico/pico-sdk/src/rp2_common/hardware_boot_lock/boot_lock.c.o
 .ARM.attributes
                0x00000414       0x38 CMakeFiles/uart-driver.dir/Users/yingyedeng/pico/pico-sdk/src/rp2_common/hardware_xosc/xosc.c.o
 .ARM.attributes
                0x0000044c       0x38 CMakeFiles/uart-driver.dir/Users/yingyedeng/pico/pico-sdk/src/rp2_common/pico_runtime/runtime.c.o
 .ARM.attributes
                0x00000484       0x38 CMakeFiles/uart-driver.dir/Users/yingyedeng/pico/pico-sdk/src/rp2_common/pico_runtime_init/runtime_init.c.o
 .ARM.attributes
                0x000004bc       0x38 CMakeFiles/uart-driver.dir/Users/yingyedeng/pico/pico-sdk/src/rp2_common/pico_runtime_init/runtime_init_clocks.c.o
 .ARM.attributes
                0x000004f4       0x38 CMakeFiles/uart-driver.dir/Users/yingyedeng/pico/pico-sdk/src/rp2_common/pico_standard_binary_info/standard_binary_info.c.o
 .ARM.attributes
                0x0000052c       0x38 CMakeFiles/uart-driver.dir/Users/yingyedeng/pico/pico-sdk/src/rp2_common/pico_printf/printf.c.o
 .ARM.attributes
                0x00000564       0x28 CMakeFiles/uart-driver.dir/Users/yingyedeng/pico/pico-sdk/src/rp2_common/pico_crt0/crt0.S.o
 .ARM.attributes
                0x0000058c       0x38 CMakeFiles/uart-driver.dir/Users/yingyedeng/pico/pico-sdk/src/rp2_common/pico_clib_interface/newlib_interface.c.o
 .ARM.attributes
                0x000005c4       0x38 CMakeFiles/uart-driver.dir/Users/yingyedeng/pico/pico-sdk/src/rp2_common/pico_stdio/stdio.c.o
 .ARM.attributes
                0x000005fc       0x24 /Applications/arm-gnu-toolchain-14.3.Rel1-darwin-arm64-arm-none-eabi/bin/../lib/gcc/arm-none-eabi/14.3.1/../../../../arm-none-eabi/lib/thumb/v8-m.main+fp/softfp/libg.a(libc_a-memcpy.o)
 .ARM.attributes
                0x00000620       0x36 /Applications/arm-gnu-toolchain-14.3.Rel1-darwin-arm64-arm-none-eabi/bin/../lib/gcc/arm-none-eabi/14.3.1/../../../../arm-none-eabi/lib/thumb/v8-m.main+fp/softfp/libg.a(libc_a-strlen-stub.o)
 .ARM.attributes
                0x00000656       0x36 /Applications/arm-gnu-toolchain-14.3.Rel1-darwin-arm64-arm-none-eabi/bin/../lib/gcc/arm-none-eabi/14.3.1/thumb/v8-m.main+fp/softfp/crtend.o

.comment        0x00000000       0x46
 .comment       0x00000000       0x46 CMakeFiles/uart-driver.dir/uart-driver.c.o
                                 0x47 (size before relaxing)
 .comment       0x00000046       0x47 CMakeFiles/uart-driver.dir/Users/yingyedeng/pico/pico-sdk/src/rp2_common/hardware_gpio/gpio.c.o
 .comment       0x00000046       0x47 CMakeFiles/uart-driver.dir/Users/yingyedeng/pico/pico-sdk/src/rp2_common/pico_platform_panic/panic.c.o
 .comment       0x00000046       0x47 CMakeFiles/uart-driver.dir/Users/yingyedeng/pico/pico-sdk/src/common/hardware_claim/claim.c.o
 .comment       0x00000046       0x47 CMakeFiles/uart-driver.dir/Users/yingyedeng/pico/pico-sdk/src/rp2_common/hardware_sync/sync.c.o
 .comment       0x00000046       0x47 CMakeFiles/uart-driver.dir/Users/yingyedeng/pico/pico-sdk/src/rp2_common/hardware_sync_spin_lock/sync_spin_lock.c.o
 .comment       0x00000046       0x47 CMakeFiles/uart-driver.dir/Users/yingyedeng/pico/pico-sdk/src/rp2_common/hardware_irq/irq.c.o
 .comment       0x00000046       0x47 CMakeFiles/uart-driver.dir/Users/yingyedeng/pico/pico-sdk/src/common/pico_sync/lock_core.c.o
 .comment       0x00000046       0x47 CMakeFiles/uart-driver.dir/Users/yingyedeng/pico/pico-sdk/src/common/pico_sync/mutex.c.o
 .comment       0x00000046       0x47 CMakeFiles/uart-driver.dir/Users/yingyedeng/pico/pico-sdk/src/common/pico_time/time.c.o
 .comment       0x00000046       0x47 CMakeFiles/uart-driver.dir/Users/yingyedeng/pico/pico-sdk/src/rp2_common/hardware_timer/timer.c.o
 .comment       0x00000046       0x47 CMakeFiles/uart-driver.dir/Users/yingyedeng/pico/pico-sdk/src/rp2_common/hardware_clocks/clocks.c.o
 .comment       0x00000046       0x47 CMakeFiles/uart-driver.dir/Users/yingyedeng/pico/pico-sdk/src/rp2_common/hardware_pll/pll.c.o
 .comment       0x00000046       0x47 CMakeFiles/uart-driver.dir/Users/yingyedeng/pico/pico-sdk/src/rp2_common/hardware_ticks/ticks.c.o
 .comment       0x00000046       0x47 CMakeFiles/uart-driver.dir/Users/yingyedeng/pico/pico-sdk/src/rp2_common/pico_bootrom/bootrom.c.o
 .comment       0x00000046       0x47 CMakeFiles/uart-driver.dir/Users/yingyedeng/pico/pico-sdk/src/rp2_common/pico_bootrom/bootrom_lock.c.o
 .comment       0x00000046       0x47 CMakeFiles/uart-driver.dir/Users/yingyedeng/pico/pico-sdk/src/rp2_common/hardware_boot_lock/boot_lock.c.o
 .comment       0x00000046       0x47 CMakeFiles/uart-driver.dir/Users/yingyedeng/pico/pico-sdk/src/rp2_common/hardware_xosc/xosc.c.o
 .comment       0x00000046       0x47 CMakeFiles/uart-driver.dir/Users/yingyedeng/pico/pico-sdk/src/rp2_common/pico_runtime/runtime.c.o
 .comment       0x00000046       0x47 CMakeFiles/uart-driver.dir/Users/yingyedeng/pico/pico-sdk/src/rp2_common/pico_runtime_init/runtime_init.c.o
 .comment       0x00000046       0x47 CMakeFiles/uart-driver.dir/Users/yingyedeng/pico/pico-sdk/src/rp2_common/pico_runtime_init/runtime_init_clocks.c.o
 .comment       0x00000046       0x47 CMakeFiles/uart-driver.dir/Users/yingyedeng/pico/pico-sdk/src/rp2_common/pico_standard_binary_info/standard_binary_info.c.o
 .comment       0x00000046       0x47 CMakeFiles/uart-driver.dir/Users/yingyedeng/pico/pico-sdk/src/rp2_common/pico_printf/printf.c.o
 .comment       0x00000046       0x47 CMakeFiles/uart-driver.dir/Users/yingyedeng/pico/pico-sdk/src/rp2_common/pico_clib_interface/newlib_interface.c.o
 .comment       0x00000046       0x47 CMakeFiles/uart-driver.dir/Users/yingyedeng/pico/pico-sdk/src/rp2_common/pico_stdio/stdio.c.o

.debug_info     0x00000000    0x1dcb2
 .debug_info    0x00000000      0xa74 CMakeFiles/uart-driver.dir/uart-driver.c.o
 .debug_info    0x00000a74     0x2416 CMakeFiles/uart-driver.dir/Users/yingyedeng/pico/pico-sdk/src/rp2_common/hardware_gpio/gpio.c.o
 .debug_info    0x00002e8a      0x1be CMakeFiles/uart-driver.dir/Users/yingyedeng/pico/pico-sdk/src/rp2_common/pico_platform_panic/panic.c.o
 .debug_info    0x00003048      0xb78 CMakeFiles/uart-driver.dir/Users/yingyedeng/pico/pico-sdk/src/common/hardware_claim/claim.c.o
 .debug_info    0x00003bc0      0x46f CMakeFiles/uart-driver.dir/Users/yingyedeng/pico/pico-sdk/src/rp2_common/hardware_sync/sync.c.o
 .debug_info    0x0000402f     0x145e CMakeFiles/uart-driver.dir/Users/yingyedeng/pico/pico-sdk/src/rp2_common/hardware_sync_spin_lock/sync_spin_lock.c.o
 .debug_info    0x0000548d     0x262d CMakeFiles/uart-driver.dir/Users/yingyedeng/pico/pico-sdk/src/rp2_common/hardware_irq/irq.c.o
 .debug_info    0x00007aba      0x187 CMakeFiles/uart-driver.dir/Users/yingyedeng/pico/pico-sdk/src/common/pico_sync/lock_core.c.o
 .debug_info    0x00007c41     0x1e7c CMakeFiles/uart-driver.dir/Users/yingyedeng/pico/pico-sdk/src/common/pico_sync/mutex.c.o
 .debug_info    0x00009abd     0x549a CMakeFiles/uart-driver.dir/Users/yingyedeng/pico/pico-sdk/src/common/pico_time/time.c.o
 .debug_info    0x0000ef57     0x30c6 CMakeFiles/uart-driver.dir/Users/yingyedeng/pico/pico-sdk/src/rp2_common/hardware_timer/timer.c.o
 .debug_info    0x0001201d     0x28c2 CMakeFiles/uart-driver.dir/Users/yingyedeng/pico/pico-sdk/src/rp2_common/hardware_clocks/clocks.c.o
 .debug_info    0x000148df      0x507 CMakeFiles/uart-driver.dir/Users/yingyedeng/pico/pico-sdk/src/rp2_common/hardware_pll/pll.c.o
 .debug_info    0x00014de6      0x26c CMakeFiles/uart-driver.dir/Users/yingyedeng/pico/pico-sdk/src/rp2_common/hardware_ticks/ticks.c.o
 .debug_info    0x00015052     0x10ab CMakeFiles/uart-driver.dir/Users/yingyedeng/pico/pico-sdk/src/rp2_common/pico_bootrom/bootrom.c.o
 .debug_info    0x000160fd      0x1c4 CMakeFiles/uart-driver.dir/Users/yingyedeng/pico/pico-sdk/src/rp2_common/pico_bootrom/bootrom_lock.c.o
 .debug_info    0x000162c1      0x316 CMakeFiles/uart-driver.dir/Users/yingyedeng/pico/pico-sdk/src/rp2_common/hardware_boot_lock/boot_lock.c.o
 .debug_info    0x000165d7      0x1b1 CMakeFiles/uart-driver.dir/Users/yingyedeng/pico/pico-sdk/src/rp2_common/hardware_xosc/xosc.c.o
 .debug_info    0x00016788      0x21a CMakeFiles/uart-driver.dir/Users/yingyedeng/pico/pico-sdk/src/rp2_common/pico_runtime/runtime.c.o
 .debug_info    0x000169a2     0x1c34 CMakeFiles/uart-driver.dir/Users/yingyedeng/pico/pico-sdk/src/rp2_common/pico_runtime_init/runtime_init.c.o
 .debug_info    0x000185d6      0x7c9 CMakeFiles/uart-driver.dir/Users/yingyedeng/pico/pico-sdk/src/rp2_common/pico_runtime_init/runtime_init_clocks.c.o
 .debug_info    0x00018d9f      0x2b8 CMakeFiles/uart-driver.dir/Users/yingyedeng/pico/pico-sdk/src/rp2_common/pico_standard_binary_info/standard_binary_info.c.o
 .debug_info    0x00019057     0x23a7 CMakeFiles/uart-driver.dir/Users/yingyedeng/pico/pico-sdk/src/rp2_common/pico_printf/printf.c.o
 .debug_info    0x0001b3fe       0x23 CMakeFiles/uart-driver.dir/Users/yingyedeng/pico/pico-sdk/src/rp2_common/pico_crt0/crt0.S.o
 .debug_info    0x0001b421      0xc25 CMakeFiles/uart-driver.dir/Users/yingyedeng/pico/pico-sdk/src/rp2_common/pico_clib_interface/newlib_interface.c.o
 .debug_info    0x0001c046     0x1c6c CMakeFiles/uart-driver.dir/Users/yingyedeng/pico/pico-sdk/src/rp2_common/pico_stdio/stdio.c.o

.debug_abbrev   0x00000000     0x4fd8
 .debug_abbrev  0x00000000      0x35f CMakeFiles/uart-driver.dir/uart-driver.c.o
 .debug_abbrev  0x0000035f      0x558 CMakeFiles/uart-driver.dir/Users/yingyedeng/pico/pico-sdk/src/rp2_common/hardware_gpio/gpio.c.o
 .debug_abbrev  0x000008b7      0x12b CMakeFiles/uart-driver.dir/Users/yingyedeng/pico/pico-sdk/src/rp2_common/pico_platform_panic/panic.c.o
 .debug_abbrev  0x000009e2      0x35e CMakeFiles/uart-driver.dir/Users/yingyedeng/pico/pico-sdk/src/common/hardware_claim/claim.c.o
 .debug_abbrev  0x00000d40      0x22f CMakeFiles/uart-driver.dir/Users/yingyedeng/pico/pico-sdk/src/rp2_common/hardware_sync/sync.c.o
 .debug_abbrev  0x00000f6f      0x26e CMakeFiles/uart-driver.dir/Users/yingyedeng/pico/pico-sdk/src/rp2_common/hardware_sync_spin_lock/sync_spin_lock.c.o
 .debug_abbrev  0x000011dd      0x63b CMakeFiles/uart-driver.dir/Users/yingyedeng/pico/pico-sdk/src/rp2_common/hardware_irq/irq.c.o
 .debug_abbrev  0x00001818      0x11e CMakeFiles/uart-driver.dir/Users/yingyedeng/pico/pico-sdk/src/common/pico_sync/lock_core.c.o
 .debug_abbrev  0x00001936      0x49b CMakeFiles/uart-driver.dir/Users/yingyedeng/pico/pico-sdk/src/common/pico_sync/mutex.c.o
 .debug_abbrev  0x00001dd1      0x644 CMakeFiles/uart-driver.dir/Users/yingyedeng/pico/pico-sdk/src/common/pico_time/time.c.o
 .debug_abbrev  0x00002415      0x4f9 CMakeFiles/uart-driver.dir/Users/yingyedeng/pico/pico-sdk/src/rp2_common/hardware_timer/timer.c.o
 .debug_abbrev  0x0000290e      0x517 CMakeFiles/uart-driver.dir/Users/yingyedeng/pico/pico-sdk/src/rp2_common/hardware_clocks/clocks.c.o
 .debug_abbrev  0x00002e25      0x1a8 CMakeFiles/uart-driver.dir/Users/yingyedeng/pico/pico-sdk/src/rp2_common/hardware_pll/pll.c.o
 .debug_abbrev  0x00002fcd      0x146 CMakeFiles/uart-driver.dir/Users/yingyedeng/pico/pico-sdk/src/rp2_common/hardware_ticks/ticks.c.o
 .debug_abbrev  0x00003113      0x458 CMakeFiles/uart-driver.dir/Users/yingyedeng/pico/pico-sdk/src/rp2_common/pico_bootrom/bootrom.c.o
 .debug_abbrev  0x0000356b       0xfb CMakeFiles/uart-driver.dir/Users/yingyedeng/pico/pico-sdk/src/rp2_common/pico_bootrom/bootrom_lock.c.o
 .debug_abbrev  0x00003666      0x1de CMakeFiles/uart-driver.dir/Users/yingyedeng/pico/pico-sdk/src/rp2_common/hardware_boot_lock/boot_lock.c.o
 .debug_abbrev  0x00003844      0x109 CMakeFiles/uart-driver.dir/Users/yingyedeng/pico/pico-sdk/src/rp2_common/hardware_xosc/xosc.c.o
 .debug_abbrev  0x0000394d      0x182 CMakeFiles/uart-driver.dir/Users/yingyedeng/pico/pico-sdk/src/rp2_common/pico_runtime/runtime.c.o
 .debug_abbrev  0x00003acf      0x310 CMakeFiles/uart-driver.dir/Users/yingyedeng/pico/pico-sdk/src/rp2_common/pico_runtime_init/runtime_init.c.o
 .debug_abbrev  0x00003ddf      0x2b8 CMakeFiles/uart-driver.dir/Users/yingyedeng/pico/pico-sdk/src/rp2_common/pico_runtime_init/runtime_init_clocks.c.o
 .debug_abbrev  0x00004097       0xb8 CMakeFiles/uart-driver.dir/Users/yingyedeng/pico/pico-sdk/src/rp2_common/pico_standard_binary_info/standard_binary_info.c.o
 .debug_abbrev  0x0000414f      0x505 CMakeFiles/uart-driver.dir/Users/yingyedeng/pico/pico-sdk/src/rp2_common/pico_printf/printf.c.o
 .debug_abbrev  0x00004654       0x12 CMakeFiles/uart-driver.dir/Users/yingyedeng/pico/pico-sdk/src/rp2_common/pico_crt0/crt0.S.o
 .debug_abbrev  0x00004666      0x375 CMakeFiles/uart-driver.dir/Users/yingyedeng/pico/pico-sdk/src/rp2_common/pico_clib_interface/newlib_interface.c.o
 .debug_abbrev  0x000049db      0x5fd CMakeFiles/uart-driver.dir/Users/yingyedeng/pico/pico-sdk/src/rp2_common/pico_stdio/stdio.c.o

.debug_loclists
                0x00000000     0xefa7
 .debug_loclists
                0x00000000      0x1fd CMakeFiles/uart-driver.dir/uart-driver.c.o
 .debug_loclists
                0x000001fd     0x17d5 CMakeFiles/uart-driver.dir/Users/yingyedeng/pico/pico-sdk/src/rp2_common/hardware_gpio/gpio.c.o
 .debug_loclists
                0x000019d2      0x42d CMakeFiles/uart-driver.dir/Users/yingyedeng/pico/pico-sdk/src/common/hardware_claim/claim.c.o
 .debug_loclists
                0x00001dff      0x132 CMakeFiles/uart-driver.dir/Users/yingyedeng/pico/pico-sdk/src/rp2_common/hardware_sync/sync.c.o
 .debug_loclists
                0x00001f31       0xa2 CMakeFiles/uart-driver.dir/Users/yingyedeng/pico/pico-sdk/src/rp2_common/hardware_sync_spin_lock/sync_spin_lock.c.o
 .debug_loclists
                0x00001fd3     0x1034 CMakeFiles/uart-driver.dir/Users/yingyedeng/pico/pico-sdk/src/rp2_common/hardware_irq/irq.c.o
 .debug_loclists
                0x00003007       0x17 CMakeFiles/uart-driver.dir/Users/yingyedeng/pico/pico-sdk/src/common/pico_sync/lock_core.c.o
 .debug_loclists
                0x0000301e      0xae7 CMakeFiles/uart-driver.dir/Users/yingyedeng/pico/pico-sdk/src/common/pico_sync/mutex.c.o
 .debug_loclists
                0x00003b05     0x2c70 CMakeFiles/uart-driver.dir/Users/yingyedeng/pico/pico-sdk/src/common/pico_time/time.c.o
 .debug_loclists
                0x00006775     0x1a3f CMakeFiles/uart-driver.dir/Users/yingyedeng/pico/pico-sdk/src/rp2_common/hardware_timer/timer.c.o
 .debug_loclists
                0x000081b4     0x2038 CMakeFiles/uart-driver.dir/Users/yingyedeng/pico/pico-sdk/src/rp2_common/hardware_clocks/clocks.c.o
 .debug_loclists
                0x0000a1ec      0x1b7 CMakeFiles/uart-driver.dir/Users/yingyedeng/pico/pico-sdk/src/rp2_common/hardware_pll/pll.c.o
 .debug_loclists
                0x0000a3a3       0x8b CMakeFiles/uart-driver.dir/Users/yingyedeng/pico/pico-sdk/src/rp2_common/hardware_ticks/ticks.c.o
 .debug_loclists
                0x0000a42e      0x812 CMakeFiles/uart-driver.dir/Users/yingyedeng/pico/pico-sdk/src/rp2_common/pico_bootrom/bootrom.c.o
 .debug_loclists
                0x0000ac40       0x28 CMakeFiles/uart-driver.dir/Users/yingyedeng/pico/pico-sdk/src/rp2_common/pico_bootrom/bootrom_lock.c.o
 .debug_loclists
                0x0000ac68       0x78 CMakeFiles/uart-driver.dir/Users/yingyedeng/pico/pico-sdk/src/rp2_common/hardware_boot_lock/boot_lock.c.o
 .debug_loclists
                0x0000ace0       0x48 CMakeFiles/uart-driver.dir/Users/yingyedeng/pico/pico-sdk/src/rp2_common/hardware_xosc/xosc.c.o
 .debug_loclists
                0x0000ad28       0x7e CMakeFiles/uart-driver.dir/Users/yingyedeng/pico/pico-sdk/src/rp2_common/pico_runtime/runtime.c.o
 .debug_loclists
                0x0000ada6      0x129 CMakeFiles/uart-driver.dir/Users/yingyedeng/pico/pico-sdk/src/rp2_common/pico_runtime_init/runtime_init.c.o
 .debug_loclists
                0x0000aecf       0x74 CMakeFiles/uart-driver.dir/Users/yingyedeng/pico/pico-sdk/src/rp2_common/pico_runtime_init/runtime_init_clocks.c.o
 .debug_loclists
                0x0000af43     0x3015 CMakeFiles/uart-driver.dir/Users/yingyedeng/pico/pico-sdk/src/rp2_common/pico_printf/printf.c.o
 .debug_loclists
                0x0000df58      0x425 CMakeFiles/uart-driver.dir/Users/yingyedeng/pico/pico-sdk/src/rp2_common/pico_clib_interface/newlib_interface.c.o
 .debug_loclists
                0x0000e37d      0xc2a CMakeFiles/uart-driver.dir/Users/yingyedeng/pico/pico-sdk/src/rp2_common/pico_stdio/stdio.c.o

.debug_aranges  0x00000000      0xa28
 .debug_aranges
                0x00000000       0x30 CMakeFiles/uart-driver.dir/uart-driver.c.o
 .debug_aranges
                0x00000030      0x118 CMakeFiles/uart-driver.dir/Users/yingyedeng/pico/pico-sdk/src/rp2_common/hardware_gpio/gpio.c.o
 .debug_aranges
                0x00000148       0x28 CMakeFiles/uart-driver.dir/Users/yingyedeng/pico/pico-sdk/src/rp2_common/pico_platform_panic/panic.c.o
 .debug_aranges
                0x00000170       0x48 CMakeFiles/uart-driver.dir/Users/yingyedeng/pico/pico-sdk/src/common/hardware_claim/claim.c.o
 .debug_aranges
                0x000001b8       0x48 CMakeFiles/uart-driver.dir/Users/yingyedeng/pico/pico-sdk/src/rp2_common/hardware_sync/sync.c.o
 .debug_aranges
                0x00000200       0x30 CMakeFiles/uart-driver.dir/Users/yingyedeng/pico/pico-sdk/src/rp2_common/hardware_sync_spin_lock/sync_spin_lock.c.o
 .debug_aranges
                0x00000230       0xb8 CMakeFiles/uart-driver.dir/Users/yingyedeng/pico/pico-sdk/src/rp2_common/hardware_irq/irq.c.o
 .debug_aranges
                0x000002e8       0x20 CMakeFiles/uart-driver.dir/Users/yingyedeng/pico/pico-sdk/src/common/pico_sync/lock_core.c.o
 .debug_aranges
                0x00000308       0x98 CMakeFiles/uart-driver.dir/Users/yingyedeng/pico/pico-sdk/src/common/pico_sync/mutex.c.o
 .debug_aranges
                0x000003a0       0xe0 CMakeFiles/uart-driver.dir/Users/yingyedeng/pico/pico-sdk/src/common/pico_time/time.c.o
 .debug_aranges
                0x00000480       0xf0 CMakeFiles/uart-driver.dir/Users/yingyedeng/pico/pico-sdk/src/rp2_common/hardware_timer/timer.c.o
 .debug_aranges
                0x00000570       0x90 CMakeFiles/uart-driver.dir/Users/yingyedeng/pico/pico-sdk/src/rp2_common/hardware_clocks/clocks.c.o
 .debug_aranges
                0x00000600       0x28 CMakeFiles/uart-driver.dir/Users/yingyedeng/pico/pico-sdk/src/rp2_common/hardware_pll/pll.c.o
 .debug_aranges
                0x00000628       0x30 CMakeFiles/uart-driver.dir/Users/yingyedeng/pico/pico-sdk/src/rp2_common/hardware_ticks/ticks.c.o
 .debug_aranges
                0x00000658       0x60 CMakeFiles/uart-driver.dir/Users/yingyedeng/pico/pico-sdk/src/rp2_common/pico_bootrom/bootrom.c.o
 .debug_aranges
                0x000006b8       0x20 CMakeFiles/uart-driver.dir/Users/yingyedeng/pico/pico-sdk/src/rp2_common/pico_bootrom/bootrom_lock.c.o
 .debug_aranges
                0x000006d8       0x30 CMakeFiles/uart-driver.dir/Users/yingyedeng/pico/pico-sdk/src/rp2_common/hardware_boot_lock/boot_lock.c.o
 .debug_aranges
                0x00000708       0x30 CMakeFiles/uart-driver.dir/Users/yingyedeng/pico/pico-sdk/src/rp2_common/hardware_xosc/xosc.c.o
 .debug_aranges
                0x00000738       0x38 CMakeFiles/uart-driver.dir/Users/yingyedeng/pico/pico-sdk/src/rp2_common/pico_runtime/runtime.c.o
 .debug_aranges
                0x00000770       0x58 CMakeFiles/uart-driver.dir/Users/yingyedeng/pico/pico-sdk/src/rp2_common/pico_runtime_init/runtime_init.c.o
 .debug_aranges
                0x000007c8       0x20 CMakeFiles/uart-driver.dir/Users/yingyedeng/pico/pico-sdk/src/rp2_common/pico_runtime_init/runtime_init_clocks.c.o
 .debug_aranges
                0x000007e8       0x18 CMakeFiles/uart-driver.dir/Users/yingyedeng/pico/pico-sdk/src/rp2_common/pico_standard_binary_info/standard_binary_info.c.o
 .debug_aranges
                0x00000800       0x90 CMakeFiles/uart-driver.dir/Users/yingyedeng/pico/pico-sdk/src/rp2_common/pico_printf/printf.c.o
 .debug_aranges
                0x00000890       0x28 CMakeFiles/uart-driver.dir/Users/yingyedeng/pico/pico-sdk/src/rp2_common/pico_crt0/crt0.S.o
 .debug_aranges
                0x000008b8       0xa8 CMakeFiles/uart-driver.dir/Users/yingyedeng/pico/pico-sdk/src/rp2_common/pico_clib_interface/newlib_interface.c.o
 .debug_aranges
                0x00000960       0xc8 CMakeFiles/uart-driver.dir/Users/yingyedeng/pico/pico-sdk/src/rp2_common/pico_stdio/stdio.c.o

.debug_rnglists
                0x00000000     0x2ba7
 .debug_rnglists
                0x00000000       0x62 CMakeFiles/uart-driver.dir/uart-driver.c.o
 .debug_rnglists
                0x00000062      0x626 CMakeFiles/uart-driver.dir/Users/yingyedeng/pico/pico-sdk/src/rp2_common/hardware_gpio/gpio.c.o
 .debug_rnglists
                0x00000688       0x19 CMakeFiles/uart-driver.dir/Users/yingyedeng/pico/pico-sdk/src/rp2_common/pico_platform_panic/panic.c.o
 .debug_rnglists
                0x000006a1       0xf2 CMakeFiles/uart-driver.dir/Users/yingyedeng/pico/pico-sdk/src/common/hardware_claim/claim.c.o
 .debug_rnglists
                0x00000793       0x5b CMakeFiles/uart-driver.dir/Users/yingyedeng/pico/pico-sdk/src/rp2_common/hardware_sync/sync.c.o
 .debug_rnglists
                0x000007ee       0x43 CMakeFiles/uart-driver.dir/Users/yingyedeng/pico/pico-sdk/src/rp2_common/hardware_sync_spin_lock/sync_spin_lock.c.o
 .debug_rnglists
                0x00000831      0x3e4 CMakeFiles/uart-driver.dir/Users/yingyedeng/pico/pico-sdk/src/rp2_common/hardware_irq/irq.c.o
 .debug_rnglists
                0x00000c15       0x13 CMakeFiles/uart-driver.dir/Users/yingyedeng/pico/pico-sdk/src/common/pico_sync/lock_core.c.o
 .debug_rnglists
                0x00000c28      0x2ac CMakeFiles/uart-driver.dir/Users/yingyedeng/pico/pico-sdk/src/common/pico_sync/mutex.c.o
 .debug_rnglists
                0x00000ed4      0x84c CMakeFiles/uart-driver.dir/Users/yingyedeng/pico/pico-sdk/src/common/pico_time/time.c.o
 .debug_rnglists
                0x00001720      0x481 CMakeFiles/uart-driver.dir/Users/yingyedeng/pico/pico-sdk/src/rp2_common/hardware_timer/timer.c.o
 .debug_rnglists
                0x00001ba1      0x610 CMakeFiles/uart-driver.dir/Users/yingyedeng/pico/pico-sdk/src/rp2_common/hardware_clocks/clocks.c.o
 .debug_rnglists
                0x000021b1       0x59 CMakeFiles/uart-driver.dir/Users/yingyedeng/pico/pico-sdk/src/rp2_common/hardware_pll/pll.c.o
 .debug_rnglists
                0x0000220a       0x2b CMakeFiles/uart-driver.dir/Users/yingyedeng/pico/pico-sdk/src/rp2_common/hardware_ticks/ticks.c.o
 .debug_rnglists
                0x00002235      0x131 CMakeFiles/uart-driver.dir/Users/yingyedeng/pico/pico-sdk/src/rp2_common/pico_bootrom/bootrom.c.o
 .debug_rnglists
                0x00002366       0x13 CMakeFiles/uart-driver.dir/Users/yingyedeng/pico/pico-sdk/src/rp2_common/pico_bootrom/bootrom_lock.c.o
 .debug_rnglists
                0x00002379       0x4f CMakeFiles/uart-driver.dir/Users/yingyedeng/pico/pico-sdk/src/rp2_common/hardware_boot_lock/boot_lock.c.o
 .debug_rnglists
                0x000023c8       0x2b CMakeFiles/uart-driver.dir/Users/yingyedeng/pico/pico-sdk/src/rp2_common/hardware_xosc/xosc.c.o
 .debug_rnglists
                0x000023f3       0x3d CMakeFiles/uart-driver.dir/Users/yingyedeng/pico/pico-sdk/src/rp2_common/pico_runtime/runtime.c.o
 .debug_rnglists
                0x00002430       0x7c CMakeFiles/uart-driver.dir/Users/yingyedeng/pico/pico-sdk/src/rp2_common/pico_runtime_init/runtime_init.c.o
 .debug_rnglists
                0x000024ac       0x2c CMakeFiles/uart-driver.dir/Users/yingyedeng/pico/pico-sdk/src/rp2_common/pico_runtime_init/runtime_init_clocks.c.o
 .debug_rnglists
                0x000024d8      0x2fd CMakeFiles/uart-driver.dir/Users/yingyedeng/pico/pico-sdk/src/rp2_common/pico_printf/printf.c.o
 .debug_rnglists
                0x000027d5       0x1b CMakeFiles/uart-driver.dir/Users/yingyedeng/pico/pico-sdk/src/rp2_common/pico_crt0/crt0.S.o
 .debug_rnglists
                0x000027f0       0xb5 CMakeFiles/uart-driver.dir/Users/yingyedeng/pico/pico-sdk/src/rp2_common/pico_clib_interface/newlib_interface.c.o
 .debug_rnglists
                0x000028a5      0x302 CMakeFiles/uart-driver.dir/Users/yingyedeng/pico/pico-sdk/src/rp2_common/pico_stdio/stdio.c.o

.debug_line     0x00000000    0x13ab3
 .debug_line    0x00000000      0x5c8 CMakeFiles/uart-driver.dir/uart-driver.c.o
 .debug_line    0x000005c8     0x1bb5 CMakeFiles/uart-driver.dir/Users/yingyedeng/pico/pico-sdk/src/rp2_common/hardware_gpio/gpio.c.o
 .debug_line    0x0000217d      0x2c4 CMakeFiles/uart-driver.dir/Users/yingyedeng/pico/pico-sdk/src/rp2_common/pico_platform_panic/panic.c.o
 .debug_line    0x00002441      0x80a CMakeFiles/uart-driver.dir/Users/yingyedeng/pico/pico-sdk/src/common/hardware_claim/claim.c.o
 .debug_line    0x00002c4b      0x441 CMakeFiles/uart-driver.dir/Users/yingyedeng/pico/pico-sdk/src/rp2_common/hardware_sync/sync.c.o
 .debug_line    0x0000308c      0x3bd CMakeFiles/uart-driver.dir/Users/yingyedeng/pico/pico-sdk/src/rp2_common/hardware_sync_spin_lock/sync_spin_lock.c.o
 .debug_line    0x00003449     0x16eb CMakeFiles/uart-driver.dir/Users/yingyedeng/pico/pico-sdk/src/rp2_common/hardware_irq/irq.c.o
 .debug_line    0x00004b34      0x28c CMakeFiles/uart-driver.dir/Users/yingyedeng/pico/pico-sdk/src/common/pico_sync/lock_core.c.o
 .debug_line    0x00004dc0     0x128f CMakeFiles/uart-driver.dir/Users/yingyedeng/pico/pico-sdk/src/common/pico_sync/mutex.c.o
 .debug_line    0x0000604f     0x3200 CMakeFiles/uart-driver.dir/Users/yingyedeng/pico/pico-sdk/src/common/pico_time/time.c.o
 .debug_line    0x0000924f     0x1db5 CMakeFiles/uart-driver.dir/Users/yingyedeng/pico/pico-sdk/src/rp2_common/hardware_timer/timer.c.o
 .debug_line    0x0000b004     0x1ed2 CMakeFiles/uart-driver.dir/Users/yingyedeng/pico/pico-sdk/src/rp2_common/hardware_clocks/clocks.c.o
 .debug_line    0x0000ced6      0x502 CMakeFiles/uart-driver.dir/Users/yingyedeng/pico/pico-sdk/src/rp2_common/hardware_pll/pll.c.o
 .debug_line    0x0000d3d8      0x34b CMakeFiles/uart-driver.dir/Users/yingyedeng/pico/pico-sdk/src/rp2_common/hardware_ticks/ticks.c.o
 .debug_line    0x0000d723      0xb55 CMakeFiles/uart-driver.dir/Users/yingyedeng/pico/pico-sdk/src/rp2_common/pico_bootrom/bootrom.c.o
 .debug_line    0x0000e278      0x3da CMakeFiles/uart-driver.dir/Users/yingyedeng/pico/pico-sdk/src/rp2_common/pico_bootrom/bootrom_lock.c.o
 .debug_line    0x0000e652      0x43c CMakeFiles/uart-driver.dir/Users/yingyedeng/pico/pico-sdk/src/rp2_common/hardware_boot_lock/boot_lock.c.o
 .debug_line    0x0000ea8e      0x38f CMakeFiles/uart-driver.dir/Users/yingyedeng/pico/pico-sdk/src/rp2_common/hardware_xosc/xosc.c.o
 .debug_line    0x0000ee1d      0x33d CMakeFiles/uart-driver.dir/Users/yingyedeng/pico/pico-sdk/src/rp2_common/pico_runtime/runtime.c.o
 .debug_line    0x0000f15a      0x6f7 CMakeFiles/uart-driver.dir/Users/yingyedeng/pico/pico-sdk/src/rp2_common/pico_runtime_init/runtime_init.c.o
 .debug_line    0x0000f851      0x5a4 CMakeFiles/uart-driver.dir/Users/yingyedeng/pico/pico-sdk/src/rp2_common/pico_runtime_init/runtime_init_clocks.c.o
 .debug_line    0x0000fdf5      0x21c CMakeFiles/uart-driver.dir/Users/yingyedeng/pico/pico-sdk/src/rp2_common/pico_standard_binary_info/standard_binary_info.c.o
 .debug_line    0x00010011     0x1c13 CMakeFiles/uart-driver.dir/Users/yingyedeng/pico/pico-sdk/src/rp2_common/pico_printf/printf.c.o
 .debug_line    0x00011c24       0x9e CMakeFiles/uart-driver.dir/Users/yingyedeng/pico/pico-sdk/src/rp2_common/pico_crt0/crt0.S.o
 .debug_line    0x00011cc2      0x8ed CMakeFiles/uart-driver.dir/Users/yingyedeng/pico/pico-sdk/src/rp2_common/pico_clib_interface/newlib_interface.c.o
 .debug_line    0x000125af     0x1504 CMakeFiles/uart-driver.dir/Users/yingyedeng/pico/pico-sdk/src/rp2_common/pico_stdio/stdio.c.o

.debug_str      0x00000000     0x4faf
 .debug_str     0x00000000     0x4faf CMakeFiles/uart-driver.dir/uart-driver.c.o
                                0x9f5 (size before relaxing)
 .debug_str     0x00004faf      0xd3f CMakeFiles/uart-driver.dir/Users/yingyedeng/pico/pico-sdk/src/rp2_common/hardware_gpio/gpio.c.o
 .debug_str     0x00004faf      0x218 CMakeFiles/uart-driver.dir/Users/yingyedeng/pico/pico-sdk/src/rp2_common/pico_platform_panic/panic.c.o
 .debug_str     0x00004faf      0x38a CMakeFiles/uart-driver.dir/Users/yingyedeng/pico/pico-sdk/src/common/hardware_claim/claim.c.o
 .debug_str     0x00004faf      0x335 CMakeFiles/uart-driver.dir/Users/yingyedeng/pico/pico-sdk/src/rp2_common/hardware_sync/sync.c.o
 .debug_str     0x00004faf      0xbe2 CMakeFiles/uart-driver.dir/Users/yingyedeng/pico/pico-sdk/src/rp2_common/hardware_sync_spin_lock/sync_spin_lock.c.o
 .debug_str     0x00004faf      0xc61 CMakeFiles/uart-driver.dir/Users/yingyedeng/pico/pico-sdk/src/rp2_common/hardware_irq/irq.c.o
 .debug_str     0x00004faf      0x227 CMakeFiles/uart-driver.dir/Users/yingyedeng/pico/pico-sdk/src/common/pico_sync/lock_core.c.o
 .debug_str     0x00004faf      0x8fb CMakeFiles/uart-driver.dir/Users/yingyedeng/pico/pico-sdk/src/common/pico_sync/mutex.c.o
 .debug_str     0x00004faf     0x131d CMakeFiles/uart-driver.dir/Users/yingyedeng/pico/pico-sdk/src/common/pico_time/time.c.o
 .debug_str     0x00004faf      0xbb5 CMakeFiles/uart-driver.dir/Users/yingyedeng/pico/pico-sdk/src/rp2_common/hardware_timer/timer.c.o
 .debug_str     0x00004faf      0xba4 CMakeFiles/uart-driver.dir/Users/yingyedeng/pico/pico-sdk/src/rp2_common/hardware_clocks/clocks.c.o
 .debug_str     0x00004faf      0x4ae CMakeFiles/uart-driver.dir/Users/yingyedeng/pico/pico-sdk/src/rp2_common/hardware_pll/pll.c.o
 .debug_str     0x00004faf      0x2db CMakeFiles/uart-driver.dir/Users/yingyedeng/pico/pico-sdk/src/rp2_common/hardware_ticks/ticks.c.o
 .debug_str     0x00004faf      0x977 CMakeFiles/uart-driver.dir/Users/yingyedeng/pico/pico-sdk/src/rp2_common/pico_bootrom/bootrom.c.o
 .debug_str     0x00004faf      0x2c3 CMakeFiles/uart-driver.dir/Users/yingyedeng/pico/pico-sdk/src/rp2_common/pico_bootrom/bootrom_lock.c.o
 .debug_str     0x00004faf      0x2a1 CMakeFiles/uart-driver.dir/Users/yingyedeng/pico/pico-sdk/src/rp2_common/hardware_boot_lock/boot_lock.c.o
 .debug_str     0x00004faf      0x254 CMakeFiles/uart-driver.dir/Users/yingyedeng/pico/pico-sdk/src/rp2_common/hardware_xosc/xosc.c.o
 .debug_str     0x00004faf      0x2aa CMakeFiles/uart-driver.dir/Users/yingyedeng/pico/pico-sdk/src/rp2_common/pico_runtime/runtime.c.o
 .debug_str     0x00004faf     0x122e CMakeFiles/uart-driver.dir/Users/yingyedeng/pico/pico-sdk/src/rp2_common/pico_runtime_init/runtime_init.c.o
 .debug_str     0x00004faf      0x4f6 CMakeFiles/uart-driver.dir/Users/yingyedeng/pico/pico-sdk/src/rp2_common/pico_runtime_init/runtime_init_clocks.c.o
 .debug_str     0x00004faf      0x419 CMakeFiles/uart-driver.dir/Users/yingyedeng/pico/pico-sdk/src/rp2_common/pico_standard_binary_info/standard_binary_info.c.o
 .debug_str     0x00004faf      0x4c0 CMakeFiles/uart-driver.dir/Users/yingyedeng/pico/pico-sdk/src/rp2_common/pico_printf/printf.c.o
 .debug_str     0x00004faf       0x85 CMakeFiles/uart-driver.dir/Users/yingyedeng/pico/pico-sdk/src/rp2_common/pico_crt0/crt0.S.o
 .debug_str     0x00004faf      0x8a9 CMakeFiles/uart-driver.dir/Users/yingyedeng/pico/pico-sdk/src/rp2_common/pico_clib_interface/newlib_interface.c.o
 .debug_str     0x00004faf      0xc3e CMakeFiles/uart-driver.dir/Users/yingyedeng/pico/pico-sdk/src/rp2_common/pico_stdio/stdio.c.o

.debug_frame    0x00000000     0x1ca0
 .debug_frame   0x00000000       0x68 CMakeFiles/uart-driver.dir/uart-driver.c.o
 .debug_frame   0x00000068      0x374 CMakeFiles/uart-driver.dir/Users/yingyedeng/pico/pico-sdk/src/rp2_common/hardware_gpio/gpio.c.o
 .debug_frame   0x000003dc       0x4c CMakeFiles/uart-driver.dir/Users/yingyedeng/pico/pico-sdk/src/rp2_common/pico_platform_panic/panic.c.o
 .debug_frame   0x00000428       0x94 CMakeFiles/uart-driver.dir/Users/yingyedeng/pico/pico-sdk/src/common/hardware_claim/claim.c.o
 .debug_frame   0x000004bc       0x94 CMakeFiles/uart-driver.dir/Users/yingyedeng/pico/pico-sdk/src/rp2_common/hardware_sync/sync.c.o
 .debug_frame   0x00000550       0x40 CMakeFiles/uart-driver.dir/Users/yingyedeng/pico/pico-sdk/src/rp2_common/hardware_sync_spin_lock/sync_spin_lock.c.o
 .debug_frame   0x00000590      0x1cc CMakeFiles/uart-driver.dir/Users/yingyedeng/pico/pico-sdk/src/rp2_common/hardware_irq/irq.c.o
 .debug_frame   0x0000075c       0x20 CMakeFiles/uart-driver.dir/Users/yingyedeng/pico/pico-sdk/src/common/pico_sync/lock_core.c.o
 .debug_frame   0x0000077c      0x1d0 CMakeFiles/uart-driver.dir/Users/yingyedeng/pico/pico-sdk/src/common/pico_sync/mutex.c.o
 .debug_frame   0x0000094c      0x378 CMakeFiles/uart-driver.dir/Users/yingyedeng/pico/pico-sdk/src/common/pico_time/time.c.o
 .debug_frame   0x00000cc4      0x2d8 CMakeFiles/uart-driver.dir/Users/yingyedeng/pico/pico-sdk/src/rp2_common/hardware_timer/timer.c.o
 .debug_frame   0x00000f9c      0x1f0 CMakeFiles/uart-driver.dir/Users/yingyedeng/pico/pico-sdk/src/rp2_common/hardware_clocks/clocks.c.o
 .debug_frame   0x0000118c       0x44 CMakeFiles/uart-driver.dir/Users/yingyedeng/pico/pico-sdk/src/rp2_common/hardware_pll/pll.c.o
 .debug_frame   0x000011d0       0x40 CMakeFiles/uart-driver.dir/Users/yingyedeng/pico/pico-sdk/src/rp2_common/hardware_ticks/ticks.c.o
 .debug_frame   0x00001210      0x12c CMakeFiles/uart-driver.dir/Users/yingyedeng/pico/pico-sdk/src/rp2_common/pico_bootrom/bootrom.c.o
 .debug_frame   0x0000133c       0x20 CMakeFiles/uart-driver.dir/Users/yingyedeng/pico/pico-sdk/src/rp2_common/pico_bootrom/bootrom_lock.c.o
 .debug_frame   0x0000135c       0x40 CMakeFiles/uart-driver.dir/Users/yingyedeng/pico/pico-sdk/src/rp2_common/hardware_boot_lock/boot_lock.c.o
 .debug_frame   0x0000139c       0x4c CMakeFiles/uart-driver.dir/Users/yingyedeng/pico/pico-sdk/src/rp2_common/hardware_xosc/xosc.c.o
 .debug_frame   0x000013e8       0x70 CMakeFiles/uart-driver.dir/Users/yingyedeng/pico/pico-sdk/src/rp2_common/pico_runtime/runtime.c.o
 .debug_frame   0x00001458       0xc0 CMakeFiles/uart-driver.dir/Users/yingyedeng/pico/pico-sdk/src/rp2_common/pico_runtime_init/runtime_init.c.o
 .debug_frame   0x00001518       0x34 CMakeFiles/uart-driver.dir/Users/yingyedeng/pico/pico-sdk/src/rp2_common/pico_runtime_init/runtime_init_clocks.c.o
 .debug_frame   0x0000154c      0x2a4 CMakeFiles/uart-driver.dir/Users/yingyedeng/pico/pico-sdk/src/rp2_common/pico_printf/printf.c.o
 .debug_frame   0x000017f0      0x190 CMakeFiles/uart-driver.dir/Users/yingyedeng/pico/pico-sdk/src/rp2_common/pico_clib_interface/newlib_interface.c.o
 .debug_frame   0x00001980      0x2d8 CMakeFiles/uart-driver.dir/Users/yingyedeng/pico/pico-sdk/src/rp2_common/pico_stdio/stdio.c.o
 .debug_frame   0x00001c58       0x28 /Applications/arm-gnu-toolchain-14.3.Rel1-darwin-arm64-arm-none-eabi/bin/../lib/gcc/arm-none-eabi/14.3.1/../../../../arm-none-eabi/lib/thumb/v8-m.main+fp/softfp/libg.a(libc_a-memcpy.o)
 .debug_frame   0x00001c80       0x20 /Applications/arm-gnu-toolchain-14.3.Rel1-darwin-arm64-arm-none-eabi/bin/../lib/gcc/arm-none-eabi/14.3.1/../../../../arm-none-eabi/lib/thumb/v8-m.main+fp/softfp/libg.a(libc_a-strlen-stub.o)

.debug_line_str
                0x00000000      0x169
 .debug_line_str
                0x00000000      0x169 CMakeFiles/uart-driver.dir/Users/yingyedeng/pico/pico-sdk/src/rp2_common/pico_crt0/crt0.S.o
                                 0x77 (size before relaxing)
 .debug_line_str
                0x00000169       0xf2 /Applications/arm-gnu-toolchain-14.3.Rel1-darwin-arm64-arm-none-eabi/bin/../lib/gcc/arm-none-eabi/14.3.1/../../../../arm-none-eabi/lib/thumb/v8-m.main+fp/softfp/libg.a(libc_a-memcpy.o)
